Archive member included to satisfy reference by file (symbol)

..\src\config\default\driver\device_support\pic32cx_bz2_device_support.a(info_block.o)
                              build/default/production/_ext/1171490990/initialization.o (IB_GetMACAddr)
..\src\config\default\driver\device_support\pic32cx_bz2_device_support.a(rf.o)
                              ..\src\config\default\driver\device_support\pic32cx_bz2_device_support.a(info_block.o) (RF_Write_Reg)
..\src\config\default\driver\device_support\pic32cx_bz2_device_support.a(rf_system.o)
                              build/default/production/_ext/1360937237/app_idle_task.o (RF_NeedCal)
..\src\config\default\driver\device_support\pic32cx_bz2_device_support.a(info_block_plat.o)
                              ..\src\config\default\driver\device_support\pic32cx_bz2_device_support.a(info_block.o) (IB_PMU_REG_proc)
..\src\config\default\driver\device_support\pic32cx_bz2_device_support.a(pmu_dvr.o)
                              ..\src\config\default\driver\device_support\pic32cx_bz2_device_support.a(info_block_plat.o) (PMU_Write_Reg)
..\src\config\default\driver\pds\pds.a(wlPdsDataServer.o)
                              build/default/production/_ext/16121766/wlPdsTypesConverter.o (PDS_GetItemDescr)
..\src\config\default\driver\pds\pds.a(wlPdsInit.o)
                              build/default/production/_ext/1171490990/initialization.o (PDS_Init)
..\src\config\default\driver\pds\pds.a(D_Nv.o)
                              ..\src\config\default\driver\pds\pds.a(wlPdsInit.o) (D_Nv_Init)
..\src\config\default\driver\pds\pds.a(S_Nv-Chimera.o)
                              ..\src\config\default\driver\pds\pds.a(wlPdsInit.o) (S_Nv_Init)
..\src\config\default\zigbee\lib\zigbee_alldevice_lib.a(N_AddressManager.o)
                              build/default/production/_ext/1992166216/csPersistentMem.o (s_freeRanges)
..\src\config\default\zigbee\lib\zigbee_alldevice_lib.a(N_ConnectionAssociation.o)
                              build/default/production/_ext/420101457/consoleCmds.o (N_Connection_AssociateDiscovery_Impl)
..\src\config\default\zigbee\lib\zigbee_alldevice_lib.a(N_ConnectionCommon.o)
                              ..\src\config\default\zigbee\lib\zigbee_alldevice_lib.a(N_ConnectionAssociation.o) (N_Connection_TargetIsInterpanModeOn_Impl)
..\src\config\default\zigbee\lib\zigbee_alldevice_lib.a(N_ConnectionEnddevice.o)
                              ..\src\config\default\zigbee\lib\zigbee_alldevice_lib.a(N_ConnectionCommon.o) (N_ConnectionEndDevice_Subscribe_Impl)
..\src\config\default\zigbee\lib\zigbee_alldevice_lib.a(N_ConnectionRouter.o)
                              ..\src\config\default\zigbee\lib\zigbee_alldevice_lib.a(N_ConnectionCommon.o) (N_Connection_RouterSearchNetwork)
..\src\config\default\zigbee\lib\zigbee_alldevice_lib.a(N_Connection_ReconnectHandler.o)
                              build/default/production/_ext/677812807/z3DevicePic32cx.o (N_ConnectionEndDevice_Reconnect_Impl)
..\src\config\default\zigbee\lib\zigbee_alldevice_lib.a(N_DeviceInfo.o)
                              ..\src\config\default\zigbee\lib\zigbee_alldevice_lib.a(N_ConnectionRouter.o) (N_DeviceInfo_GetNetworkPanId_Impl)
..\src\config\default\zigbee\lib\zigbee_alldevice_lib.a(N_ErrH.o)
                              build/default/production/_ext/16121766/wlPdsTypesConverter.o (N_ErrH_Fatal)
..\src\config\default\zigbee\lib\zigbee_alldevice_lib.a(N_LinkTarget.o)
                              build/default/production/_ext/420101457/consoleCmds.o (N_LinkTarget_AllowStealing_Impl)
..\src\config\default\zigbee\lib\zigbee_alldevice_lib.a(N_Log.o)
                              ..\src\config\default\zigbee\lib\zigbee_alldevice_lib.a(N_ConnectionRouter.o) (N_Log_Prepare)
..\src\config\default\zigbee\lib\zigbee_alldevice_lib.a(N_PacketDistributor.o)
                              ..\src\config\default\zigbee\lib\zigbee_alldevice_lib.a(N_LinkTarget.o) (N_PacketDistributor_GetGroupCount_Impl)
..\src\config\default\zigbee\lib\zigbee_alldevice_lib.a(N_Radio.o)
                              ..\src\config\default\zigbee\lib\zigbee_alldevice_lib.a(N_LinkTarget.o) (N_Radio_GetTxPower_Impl)
..\src\config\default\zigbee\lib\zigbee_alldevice_lib.a(N_Security.o)
                              ..\src\config\default\zigbee\lib\zigbee_alldevice_lib.a(N_ConnectionEnddevice.o) (N_Security_GetRandomData_Impl)
..\src\config\default\zigbee\lib\zigbee_alldevice_lib.a(N_Security_Calc.o)
                              ..\src\config\default\zigbee\lib\zigbee_alldevice_lib.a(N_Security.o) (N_Security_Calc_Init)
..\src\config\default\zigbee\lib\zigbee_alldevice_lib.a(N_Task-Internal-Microchip.o)
                              build/default/production/_ext/2010351915/sysTaskManager.o (ZLL_TaskHandler)
..\src\config\default\zigbee\lib\zigbee_alldevice_lib.a(N_Task.o)
                              ..\src\config\default\zigbee\lib\zigbee_alldevice_lib.a(N_DeviceInfo.o) (N_Task_SetEvent)
[...]
Memory Configuration

Name             Origin             Length             Attributes
boot_rom         0x00000000         0x00005e00         xrl
pds              0x01000000         0x00004000         xr
rom              0x01004000         0x000fc000         xrl
ram              0x20000000         0x00020000         xw !r
bkupram          0x44014000         0x00002000
config_00045F80  0x00045f80         0x00000004
config_00045E80  0x00045e80         0x00000004
config_00045F84  0x00045f84         0x00000004
config_00045F88  0x00045f88         0x00000004
config_00045E8C  0x00045e8c         0x00000004
config_00045E90  0x00045e90         0x00000004
config_00045E98  0x00045e98         0x00000004
config_00045E94  0x00045e94         0x00000004
config_00045F98  0x00045f98         0x00000004
config_00045E84  0x00045e84         0x00000004
config_00045E9C  0x00045e9c         0x00000004
config_00045EB0  0x00045eb0         0x00000004
config_00045F9C  0x00045f9c         0x00000004
config_00045FB0  0x00045fb0         0x00000004
config_00045E88  0x00045e88         0x00000004
config_00045EB4  0x00045eb4         0x00000004
config_00045FB8  0x00045fb8         0x00000004
config_00045FB4  0x00045fb4         0x00000004
config_00045FBC  0x00045fbc         0x00000004
config_00045F8C  0x00045f8c         0x00000004
config_00045EB8  0x00045eb8         0x00000004
config_00045F90  0x00045f90         0x00000004
config_00045EBC  0x00045ebc         0x00000004
config_00045F94  0x00045f94         0x00000004
*default*        0x00000000         0xffffffff

Linker script and memory map

LOAD c:/program files/microchip/xc32/v4.10/bin/bin/../../lib/gcc/pic32c/8.3.1/thumb/v7e-m+fp/hard/crti.o
LOAD c:/program files/microchip/xc32/v4.10/bin/bin/../../lib/gcc/pic32c/8.3.1/thumb/v7e-m+fp/hard/crtbegin.o
LOAD build/default/production/_ext/628245630/app_uart.o
LOAD build/default/production/_ext/420101457/console.o
LOAD build/default/production/_ext/420101457/consoleCmds.o
LOAD build/default/production/_ext/420101457/thConsole.o
LOAD build/default/production/_ext/628245630/app_zigbee_handler.o
LOAD build/default/production/_ext/628245630/app_zigbee.o
LOAD build/default/production/_ext/1645245335/crypto.o
LOAD build/default/production/_ext/2070931557/drv_spi.o
LOAD build/default/production/_ext/869808652/drv_usart.o
LOAD build/default/production/_ext/1068697685/wdrv_winc_gpio.o
LOAD build/default/production/_ext/1068697685/wdrv_winc_eint.o
LOAD build/default/production/_ext/1697030576/wdrv_winc_spi.o
LOAD build/default/production/_ext/1636284884/nm_common.o
LOAD build/default/production/_ext/1667573777/nmspi.o
LOAD build/default/production/_ext/1667573777/m2m_ota.o
LOAD build/default/production/_ext/1667573777/m2m_periph.o
LOAD build/default/production/_ext/1667573777/nmasic.o
LOAD build/default/production/_ext/1667573777/nmbus.o
LOAD build/default/production/_ext/1667573777/m2m_hif.o
LOAD build/default/production/_ext/1667573777/m2m_wifi.o
LOAD build/default/production/_ext/1667573777/m2m_ssl.o
LOAD build/default/production/_ext/1667573777/nmdrv.o
LOAD build/default/production/_ext/2094051164/inet_ntop.o
LOAD build/default/production/_ext/2094051164/inet_addr.o
LOAD build/default/production/_ext/2094051164/socket.o
LOAD build/default/production/_ext/1908349716/spi_flash.o
LOAD build/default/production/_ext/1908349716/flexible_flash.o
LOAD build/default/production/_ext/2018374705/wdrv_winc_osal.o
LOAD build/default/production/_ext/1954180691/wdrv_winc_softap.o
LOAD build/default/production/_ext/1954180691/wdrv_winc_systime.o
LOAD build/default/production/_ext/1954180691/wdrv_winc_custie.o
LOAD build/default/production/_ext/1954180691/wdrv_winc_httpprovctx.o
LOAD build/default/production/_ext/1954180691/wdrv_winc_assoc.o
LOAD build/default/production/_ext/1954180691/wdrv_winc_bssctx.o
LOAD build/default/production/_ext/1954180691/wdrv_winc_ssl.o
LOAD build/default/production/_ext/1954180691/wdrv_winc_bssfind.o
LOAD build/default/production/_ext/1954180691/wdrv_winc_host_file.o
LOAD build/default/production/_ext/1954180691/wdrv_winc_powersave.o
LOAD build/default/production/_ext/1954180691/wdrv_winc_wps.o
LOAD build/default/production/_ext/1954180691/wdrv_winc.o
LOAD build/default/production/_ext/1954180691/wdrv_winc_enterprise.o
LOAD build/default/production/_ext/1954180691/wdrv_winc_sta.o
LOAD build/default/production/_ext/1954180691/wdrv_winc_nvm.o
LOAD build/default/production/_ext/1954180691/wdrv_winc_authctx.o
LOAD build/default/production/_ext/1954180691/wdrv_winc_socket.o
LOAD build/default/production/_ext/1529399856/osal_freertos.o
LOAD build/default/production/_ext/1529399856/osal_freertos_extend.o
LOAD build/default/production/_ext/60165520/plib_clk.o
LOAD build/default/production/_ext/1865131932/plib_cmcc.o
LOAD build/default/production/_ext/60167341/plib_eic.o
LOAD build/default/production/_ext/1986646378/plib_evsys.o
LOAD build/default/production/_ext/1865254177/plib_gpio.o
LOAD build/default/production/_ext/1865468468/plib_nvic.o
LOAD build/default/production/_ext/60176403/plib_nvm.o
LOAD build/default/production/_ext/17022449/plib_sercom1_spi_master.o
LOAD build/default/production/_ext/504274921/plib_sercom0_usart.o
LOAD build/default/production/_ext/829342655/plib_tc3.o
LOAD build/default/production/_ext/60181570/plib_tcc2.o
LOAD build/default/production/_ext/1865643529/plib_trng.o
LOAD build/default/production/_ext/163028504/xc32_monitor.o
LOAD build/default/production/_ext/1014039709/sys_cache.o
LOAD build/default/production/_ext/1881668453/sys_int.o
LOAD build/default/production/_ext/101884895/sys_time.o
LOAD build/default/production/_ext/1948328747/fakeBSP.o
LOAD build/default/production/_ext/1992166216/configserver.o
LOAD build/default/production/_ext/1992166216/csPersistentMem.o
LOAD build/default/production/_ext/1992166216/csMem.o
LOAD build/default/production/_ext/1852899459/statStack.o
LOAD build/default/production/_ext/1852899459/halTaskManager.o
LOAD build/default/production/_ext/1852899459/sleepTimer.o
LOAD build/default/production/_ext/1852899459/timer.o
LOAD build/default/production/_ext/1852899459/appTimer.o
LOAD build/default/production/_ext/1852899459/sleep.o
LOAD build/default/production/_ext/2026454998/halRfCtrl.o
LOAD build/default/production/_ext/2026454998/halAes.o
LOAD build/default/production/_ext/2026454998/halSleep.o
LOAD build/default/production/_ext/2026454998/halSleepTimerClock.o
LOAD build/default/production/_ext/2026454998/halMacIsr.o
LOAD build/default/production/_ext/2026454998/halAppClock.o
LOAD build/default/production/_ext/2026454998/atomic.o
LOAD build/default/production/_ext/16121766/wlPdsTypesConverter.o
LOAD build/default/production/_ext/16121766/bcPDS.o
LOAD build/default/production/_ext/2010351915/sysSleep.o
LOAD build/default/production/_ext/2010351915/sysEventsHandler.o
LOAD build/default/production/_ext/2010351915/sysMutex.o
LOAD build/default/production/_ext/2010351915/sysTimer.o
LOAD build/default/production/_ext/2010351915/sysIdleHandler.o
LOAD build/default/production/_ext/2010351915/sysUtils.o
LOAD build/default/production/_ext/2010351915/sysStat.o
LOAD build/default/production/_ext/2010351915/sysTaskManager.o
LOAD build/default/production/_ext/2010351915/dbg.o
LOAD build/default/production/_ext/2010351915/sysInit.o
LOAD build/default/production/_ext/2010351915/sysAssert.o
LOAD build/default/production/_ext/2010351915/sysDuplicateTable.o
LOAD build/default/production/_ext/2010351915/sysQueue.o
LOAD build/default/production/_ext/1543366104/scenes.o
LOAD build/default/production/_ext/266130186/zclCommandManager.o
LOAD build/default/production/_ext/266130186/zclOtauClientDownload.o
LOAD build/default/production/_ext/266130186/zclOtauClientPdt.o
LOAD build/default/production/_ext/266130186/zclOtauClientUpgrade.o
LOAD build/default/production/_ext/266130186/zclOtauClientQuery.o
LOAD build/default/production/_ext/266130186/zclOtauClientDiscovery.o
LOAD build/default/production/_ext/266130186/zclOtauClient.o
LOAD build/default/production/_ext/176650468/N_Util.o
LOAD build/default/production/_ext/410253077/groupsCluster.o
LOAD build/default/production/_ext/410253077/commissioningCluster.o
LOAD build/default/production/_ext/410253077/scenesCluster.o
LOAD build/default/production/_ext/410253077/identifyCluster.o
LOAD build/default/production/_ext/410253077/alarmCluster.o
LOAD build/default/production/_ext/410253077/haClusters.o
LOAD build/default/production/_ext/677812807/pic32cxBSP.o
LOAD build/default/production/_ext/677812807/z3DevicePic32cx.o
LOAD build/default/production/_ext/677812807/zgb_task.o
LOAD build/default/production/_ext/677812807/zgpAppInterface.o
LOAD build/default/production/_ext/677812807/zgpTranslationTable.o
LOAD build/default/production/_ext/677812807/errH.o
LOAD build/default/production/_ext/677812807/zigbee_init.o
LOAD build/default/production/_ext/677812807/hs2xy.o
LOAD build/default/production/_ext/767455689/BDB_Unpack.o
LOAD build/default/production/_ext/767455689/BDB_API.o
LOAD build/default/production/_ext/888883922/CS_Unpack.o
LOAD build/default/production/_ext/888883922/CS_API.o
LOAD build/default/production/_ext/767443559/NWK_API.o
LOAD build/default/production/_ext/767443559/NWK_Unpack.o
LOAD build/default/production/_ext/767432646/ZCL_API.o
LOAD build/default/production/_ext/767432646/ZCL_Unpack.o
LOAD build/default/production/_ext/767432612/ZDO_API.o
LOAD build/default/production/_ext/767432612/ZDO_Unpack.o
LOAD build/default/production/_ext/188496205/thAlarmsCluster.o
LOAD build/default/production/_ext/188496205/thPdt.o
LOAD build/default/production/_ext/188496205/thBasicCluster.o
LOAD build/default/production/_ext/188496205/thTemperatureMeasurementCluster.o
LOAD build/default/production/_ext/188496205/thTimeCluster.o
LOAD build/default/production/_ext/188496205/thClusters.o
LOAD build/default/production/_ext/188496205/thScenesCluster.o
LOAD build/default/production/_ext/188496205/thGroupsCluster.o
LOAD build/default/production/_ext/188496205/thIdentifyCluster.o
LOAD build/default/production/_ext/188496205/thThermostatCluster.o
LOAD build/default/production/_ext/188496205/thHumidityMeasurementCluster.o
LOAD build/default/production/_ext/188496205/thThermostatUiConfCluster.o
LOAD build/default/production/_ext/188496205/thermostat.o
LOAD build/default/production/_ext/188496205/thOccupancySensingCluster.o
LOAD build/default/production/_ext/188496205/thFanControlCluster.o
LOAD build/default/production/_ext/1171490990/exceptions.o
LOAD build/default/production/_ext/1171490990/initialization.o
LOAD build/default/production/_ext/1171490990/tasks.o
LOAD build/default/production/_ext/1171490990/freertos_hooks.o
LOAD build/default/production/_ext/1171490990/libc_syscalls.o
LOAD build/default/production/_ext/1171490990/interrupts.o
LOAD build/default/production/_ext/1171490990/startup_xc32.o
LOAD build/default/production/_ext/246609638/port.o
LOAD build/default/production/_ext/1665200909/heap_4.o
LOAD build/default/production/_ext/404212886/queue.o
LOAD build/default/production/_ext/404212886/list.o
LOAD build/default/production/_ext/404212886/croutine.o
LOAD build/default/production/_ext/404212886/FreeRTOS_tasks.o
LOAD build/default/production/_ext/404212886/stream_buffer.o
LOAD build/default/production/_ext/404212886/event_groups.o
LOAD build/default/production/_ext/404212886/timers.o
LOAD build/default/production/_ext/172253694/crypt_sha256_sam11105.o
LOAD build/default/production/_ext/172253694/crypt_ecc_ba414e.o
LOAD build/default/production/_ext/172253694/crypt_rsa_pukcl.o
LOAD build/default/production/_ext/172253694/crypt_sam_u2803.o
LOAD build/default/production/_ext/172253694/crypt_sha1_sam11105.o
LOAD build/default/production/_ext/172253694/crypt_sha512_sam6156.o
LOAD build/default/production/_ext/172253694/crypt_rng_u2242.o
LOAD build/default/production/_ext/172253694/crypt_rng_sam6334.o
LOAD build/default/production/_ext/172253694/crypt_sha224_sam6156.o
LOAD build/default/production/_ext/172253694/crypt_wolfcryptcb.o
LOAD build/default/production/_ext/172253694/crypt_pukcl_functions.o
LOAD build/default/production/_ext/172253694/crypt_sha1_sam6156.o
LOAD build/default/production/_ext/172253694/crypt_aes_u2238.o
LOAD build/default/production/_ext/172253694/crypt_aes_sam6149.o
LOAD build/default/production/_ext/172253694/crypt_sha224_sam11105.o
LOAD build/default/production/_ext/172253694/crypt_sha384_sam6156.o
LOAD build/default/production/_ext/172253694/crypt_ecc_pukcl.o
LOAD build/default/production/_ext/172253694/crypt_tdes_sam6150.o
LOAD build/default/production/_ext/172253694/crypt_sha256_sam6156.o
LOAD build/default/production/_ext/172253694/pic32mz-crypt.o
LOAD build/default/production/_ext/1664057780/sp_int.o
LOAD build/default/production/_ext/1664057780/dh.o
LOAD build/default/production/_ext/1664057780/ecc.o
LOAD build/default/production/_ext/1664057780/random.o
LOAD build/default/production/_ext/1664057780/md4.o
LOAD build/default/production/_ext/1664057780/fe_448.o
LOAD build/default/production/_ext/1664057780/rsa.o
LOAD build/default/production/_ext/1664057780/dsa.o
LOAD build/default/production/_ext/1664057780/md2.o
LOAD build/default/production/_ext/1664057780/chacha20_poly1305.o
LOAD build/default/production/_ext/1664057780/arc4.o
LOAD build/default/production/_ext/1664057780/hc128.o
LOAD build/default/production/_ext/1664057780/aes.o
LOAD build/default/production/_ext/1664057780/ecc_fp.o
LOAD build/default/production/_ext/1664057780/sp_cortexm.o
LOAD build/default/production/_ext/1664057780/wc_port.o
LOAD build/default/production/_ext/1664057780/rc2.o
LOAD build/default/production/_ext/1664057780/integer.o
LOAD build/default/production/_ext/1664057780/sp_arm32.o
LOAD build/default/production/_ext/1664057780/blake2b.o
LOAD build/default/production/_ext/1664057780/blake2s.o
LOAD build/default/production/_ext/1664057780/sp_arm64.o
LOAD build/default/production/_ext/1664057780/fe_low_mem.o
LOAD build/default/production/_ext/1664057780/ripemd.o
LOAD build/default/production/_ext/1664057780/ed448.o
LOAD build/default/production/_ext/1664057780/poly1305.o
LOAD build/default/production/_ext/1664057780/curve448.o
LOAD build/default/production/_ext/1664057780/asn.o
LOAD build/default/production/_ext/1664057780/sp_c32.o
LOAD build/default/production/_ext/1664057780/logging.o
LOAD build/default/production/_ext/1664057780/wc_dsp.o
LOAD build/default/production/_ext/1664057780/sha.o
LOAD build/default/production/_ext/1664057780/wc_encrypt.o
LOAD build/default/production/_ext/1664057780/sha256.o
LOAD build/default/production/_ext/1664057780/sha3.o
LOAD build/default/production/_ext/1664057780/idea.o
LOAD build/default/production/_ext/1664057780/curve25519.o
LOAD build/default/production/_ext/1664057780/hmac.o
LOAD build/default/production/_ext/1664057780/ed25519.o
LOAD build/default/production/_ext/1664057780/evp.o
LOAD build/default/production/_ext/1664057780/error.o
LOAD build/default/production/_ext/1664057780/ge_low_mem.o
LOAD build/default/production/_ext/1664057780/hash.o
LOAD build/default/production/_ext/1664057780/fe_operations.o
LOAD build/default/production/_ext/1664057780/coding.o
LOAD build/default/production/_ext/1664057780/wc_pkcs11.o
LOAD build/default/production/_ext/1664057780/chacha.o
LOAD build/default/production/_ext/1664057780/wolfevent.o
LOAD build/default/production/_ext/1664057780/pkcs12.o
LOAD build/default/production/_ext/1664057780/sp_armthumb.o
LOAD build/default/production/_ext/1664057780/ge_operations.o
LOAD build/default/production/_ext/1664057780/sp_x86_64.o
LOAD build/default/production/_ext/1664057780/signature.o
LOAD build/default/production/_ext/1664057780/sha512.o
LOAD build/default/production/_ext/1664057780/cryptocb.o
LOAD build/default/production/_ext/1664057780/pkcs7.o
LOAD build/default/production/_ext/1664057780/memory.o
LOAD build/default/production/_ext/1664057780/sp_dsp32.o
LOAD build/default/production/_ext/1664057780/asm.o
LOAD build/default/production/_ext/1664057780/rabbit.o
LOAD build/default/production/_ext/1664057780/compress.o
LOAD build/default/production/_ext/1664057780/camellia.o
LOAD build/default/production/_ext/1664057780/pwdbased.o
LOAD build/default/production/_ext/1664057780/des3.o
LOAD build/default/production/_ext/1664057780/cmac.o
LOAD build/default/production/_ext/1664057780/cpuid.o
LOAD build/default/production/_ext/1664057780/srp.o
LOAD build/default/production/_ext/1664057780/tfm.o
LOAD build/default/production/_ext/1664057780/wolfmath.o
LOAD build/default/production/_ext/1664057780/md5.o
LOAD build/default/production/_ext/1664057780/sp_c64.o
LOAD build/default/production/_ext/1664057780/ge_448.o
LOAD build/default/production/_ext/1664057780/misc.o
LOAD build/default/production/_ext/1360937237/app_idle_task.o
LOAD build/default/production/_ext/1360937237/app_user_edits.o
LOAD build/default/production/_ext/1360937237/main.o
LOAD build/default/production/_ext/1360937237/app.o
LOAD build/default/production/_ext/1049535263/app_mqtt.o
LOAD build/default/production/_ext/1049535263/app_socket.o
LOAD build/default/production/_ext/1049535263/app_winc.o
LOAD build/default/production/_ext/1212586117/zgpGeneric.o
LOAD build/default/production/_ext/1956877491/zgpClusterGeneric.o
LOAD build/default/production/_ext/1512228173/zgpLowSink.o
LOAD build/default/production/_ext/1512228173/zgpCstub.o
LOAD build/default/production/_ext/1956877491/zgpClusterClient.o
LOAD build/default/production/_ext/1956877491/zgpMiddleProxy.o
LOAD build/default/production/_ext/1956877491/zgpProxyPdt.o
LOAD build/default/production/_ext/1956877491/zgpSinkPdt.o
LOAD build/default/production/_ext/1512228173/zgpNvmTable.o
LOAD build/default/production/_ext/1956877491/zgpHighMem.o
LOAD build/default/production/_ext/1512228173/zgpPacket.o
LOAD build/default/production/_ext/1512228173/zgpLowGeneric.o
LOAD build/default/production/_ext/1826916563/app_timer.o
LOAD build/default/production/_ext/1512228173/zgpLowMem.o
LOAD build/default/production/_ext/1512228173/zgpLowProxy.o
LOAD build/default/production/_ext/1956877491/zgpClusterServer.o
LOAD build/default/production/_ext/1956877491/zgpSinkBasic.o
LOAD build/default/production/_ext/1512228173/zgpDstub.o
LOAD build/default/production/_ext/1512228173/zgpTaskManager.o
LOAD build/default/production/_ext/1956877491/zgpSinkTable.o
LOAD build/default/production/_ext/1956877491/zgpProxyTable.o
LOAD build/default/production/_ext/1956877491/zgpProxyBasic.o
LOAD build/default/production/_ext/1956877491/zgpHighGeneric.o
LOAD build/default/production/_ext/603994634/MCHP_winc.o
LOAD build/default/production/_ext/741293594/MQTTClient.o
LOAD build/default/production/_ext/980053345/MQTTConnectClient.o
LOAD build/default/production/_ext/980053345/MQTTConnectServer.o
LOAD build/default/production/_ext/980053345/MQTTDeserializePublish.o
LOAD build/default/production/_ext/980053345/MQTTFormat.o
LOAD build/default/production/_ext/980053345/MQTTPacket.o
LOAD build/default/production/_ext/980053345/MQTTSerializePublish.o
LOAD build/default/production/_ext/980053345/MQTTSubscribeClient.o
LOAD build/default/production/_ext/980053345/MQTTSubscribeServer.o
LOAD build/default/production/_ext/980053345/MQTTUnsubscribeClient.o
LOAD build/default/production/_ext/980053345/MQTTUnsubscribeServer.o
LOAD ..\src\config\default\driver\device_support\pic32cx_bz2_device_support.a
LOAD ..\src\config\default\driver\pds\pds.a
LOAD ..\src\config\default\zigbee\lib\zigbee_alldevice_lib.a
                0x00000001                __MPLAB_BUILD = 0x1

.bkupram_data
 *(.bkupram_data .bkupram_data.*)

.bkupram_bss
 *(.bkupram_bss .bkupram_bss.*)
 *(.pbss .pbss.*)
                0x01100000                __rom_end = (ORIGIN (rom) + LENGTH (rom))
                0x20020000                __ram_end = (ORIGIN (ram) + LENGTH (ram))

.config_00045F80
 *(.config_00045F80)

.config_00045E80
 *(.config_00045E80)

.config_00045F84
 *(.config_00045F84)

.config_00045F88
                0x00045f88        0x4
 *(.config_00045F88)
 .config_00045F88
                0x00045f88        0x4 build/default/production/_ext/1171490990/initialization.o
                0x00045f88                __config_00045F88

.config_00045E8C
 *(.config_00045E8C)

.config_00045E90
 *(.config_00045E90)

.config_00045E98
 *(.config_00045E98)

.config_00045E94
 *(.config_00045E94)

.config_00045F98
                0x00045f98        0x4
 *(.config_00045F98)
 .config_00045F98
                0x00045f98        0x4 build/default/production/_ext/1171490990/initialization.o
                0x00045f98                __config_00045F98

.config_00045E84
 *(.config_00045E84)

.config_00045E9C
 *(.config_00045E9C)

.config_00045EB0
 *(.config_00045EB0)

.config_00045F9C
                0x00045f9c        0x4
 *(.config_00045F9C)
 .config_00045F9C
                0x00045f9c        0x4 build/default/production/_ext/1171490990/initialization.o
                0x00045f9c                __config_00045F9C

.config_00045FB0
 *(.config_00045FB0)

.config_00045E88
 *(.config_00045E88)

.config_00045EB4
 *(.config_00045EB4)

.config_00045FB8
 *(.config_00045FB8)

.config_00045FB4
 *(.config_00045FB4)

.config_00045FBC
                0x00045fbc        0x4
 *(.config_00045FBC)
 .config_00045FBC
                0x00045fbc        0x4 build/default/production/_ext/1171490990/initialization.o
                0x00045fbc                __config_00045FBC

.config_00045F8C
                0x00045f8c        0x4
 *(.config_00045F8C)
 .config_00045F8C
                0x00045f8c        0x4 build/default/production/_ext/1171490990/initialization.o
                0x00045f8c                __config_00045F8C

.config_00045EB8
 *(.config_00045EB8)

.config_00045F90
                0x00045f90        0x4
 *(.config_00045F90)
 .config_00045F90
                0x00045f90        0x4 build/default/production/_ext/1171490990/initialization.o
                0x00045f90                __config_00045F90

.config_00045EBC
 *(.config_00045EBC)

.config_00045F94
                0x00045f94        0x4
 *(.config_00045F94)
 .config_00045F94
                0x00045f94        0x4 build/default/production/_ext/1171490990/initialization.o
                0x00045f94                __config_00045F94

.vectors        0x00000000       0xe0
                0x00000000                . = ALIGN (0x4)
                0x00000000                _sfixed = .
 *(.vectors .vectors.* .vectors_default .vectors_default.*)
 .vectors       0x00000000       0xe0 build/default/production/_ext/1171490990/interrupts.o
                0x00000000                exception_table
 *(.isr_vector)
 *(.reset*)
 *(.after_vectors)

.dnvMem         0x01000000        0x0
                0x01000000                __d_nv_mem_start = .
                0x01004000                __d_nv_mem_end = (ORIGIN (pds) + LENGTH (pds))

.text           0x01004000      0x1a0
                0x01004000                PROVIDE (__pds_ff_start = .)
 *(.pds_ff .pds_ff.*)
 .pds_ff        0x01004000       0xe0 build/default/production/_ext/1992166216/csPersistentMem.o
                0x01004000                pds_ff_FREE_RANGES_STORAGE_ITEM_ID
                0x01004010                pds_ff_FACTORY_NEW_STORAGE_ITEM_ID
                0x01004020                pds_ff_TC_MODE_STORAGE_ITEM_ID
                0x01004030                pds_ff_BDB_NODEISONANWK_MEM_ID
                0x01004040                pds_ff_BC_STACK_VERSION_MEM_ID
                0x01004050                pds_ff_NWK_RREQ_IDENTIFIER_ITEM_ID
                0x01004060                pds_ff_CS_GROUP_TABLE_ITEM_ID
                0x01004070                pds_ff_CS_APS_BINDING_TABLE_ITEM_ID
                0x01004080                pds_ff_NWK_SECURITY_COUNTERS_ITEM_ID
                0x01004090                pds_ff_CS_NWK_SECURITY_KEYS_ITEM_ID
                0x010040a0                pds_ff_CS_NWK_SECURITY_IB_ITEM_ID
                0x010040b0                pds_ff_CS_APS_KEY_PAIR_DESCRIPTORS_ITEM_ID
                0x010040c0                pds_ff_CS_NEIB_TABLE_ITEM_ID
                0x010040d0                pds_ff_BC_EXT_GEN_MEMORY_ITEM_ID
 .pds_ff        0x010040e0       0x90 build/default/production/_ext/188496205/thPdt.o
                0x010040e0                pds_ff_APP_PARAM9_MEM_ID
                0x010040f0                pds_ff_APP_PARAM8_MEM_ID
                0x01004100                pds_ff_APP_PARAM7_MEM_ID
                0x01004110                pds_ff_APP_PARAM6_MEM_ID
                0x01004120                pds_ff_APP_PARAM5_MEM_ID
                0x01004130                pds_ff_APP_PARAM4_MEM_ID
                0x01004140                pds_ff_APP_PARAM3_MEM_ID
                0x01004150                pds_ff_APP_PARAM2_MEM_ID
                0x01004160                pds_ff_APP_PARAM1_MEM_ID
                [!provide]                PROVIDE (__pds_ff_end = .)
                0x01004170                PROVIDE (__pds_fd_start = .)
 *(.pds_fd .pds_fd.*)
 .pds_fd        0x01004170        0x8 build/default/production/_ext/1992166216/csPersistentMem.o
                0x01004170                BCRejoinParamsDirDescr
 .pds_fd        0x01004178        0x8 build/default/production/_ext/188496205/thPdt.o
                0x01004178                appEsiMemoryDirDescr
                [!provide]                PROVIDE (__pds_fd_end = .)
                0x01004180                . = ALIGN (0x4)
 *(.glue_7t)
 .glue_7t       0x01004180        0x0 linker stubs
 *(.glue_7)
 .glue_7        0x01004180        0x0 linker stubs
 *(.gnu.linkonce.r.*)
 *(.ARM.extab* .gnu.linkonce.armextab.*)
                0x01004180                . = ALIGN (0x4)
 *(.init)
 .init          0x01004180        0x4 c:/program files/microchip/xc32/v4.10/bin/bin/../../lib/gcc/pic32c/8.3.1/thumb/v7e-m+fp/hard/crti.o
                0x01004180                _init
 .init          0x01004184        0x8 c:/program files/microchip/xc32/v4.10/bin/bin/../../lib/gcc/pic32c/8.3.1/thumb/v7e-m+fp/hard/crtn.o
                0x0100418c                . = ALIGN (0x4)
                0x0100418c                __preinit_array_start = .
 *(.preinit_array)
                0x0100418c                __preinit_array_end = .
                0x0100418c                . = ALIGN (0x4)
                0x0100418c                __init_array_start = .
 *(SORT_BY_NAME(.init_array.*))
 *(.init_array)
 .init_array    0x0100418c        0x4 c:/program files/microchip/xc32/v4.10/bin/bin/../../lib/gcc/pic32c/8.3.1/thumb/v7e-m+fp/hard/crtbegin.o
                0x01004190                __init_array_end = .
                0x01004190                . = ALIGN (0x4)
 *crtbegin.o(.ctors)
 *(EXCLUDE_FILE(*crtend.o) .ctors)
 *(SORT_BY_NAME(.ctors.*))
 *crtend.o(.ctors)
                0x01004190                . = ALIGN (0x4)
 *(.fini)
 .fini          0x01004190        0x4 c:/program files/microchip/xc32/v4.10/bin/bin/../../lib/gcc/pic32c/8.3.1/thumb/v7e-m+fp/hard/crti.o
                0x01004190                _fini
 .fini          0x01004194        0x8 c:/program files/microchip/xc32/v4.10/bin/bin/../../lib/gcc/pic32c/8.3.1/thumb/v7e-m+fp/hard/crtn.o
                0x0100419c                . = ALIGN (0x4)
                0x0100419c                __fini_array_start = .
 *(.fini_array)
 .fini_array    0x0100419c        0x4 c:/program files/microchip/xc32/v4.10/bin/bin/../../lib/gcc/pic32c/8.3.1/thumb/v7e-m+fp/hard/crtbegin.o
 *(SORT_BY_NAME(.fini_array.*))
                0x010041a0                __fini_array_end = .
 *crtbegin.o(.dtors)
 *(EXCLUDE_FILE(*crtend.o) .dtors)
 *(SORT_BY_NAME(.dtors.*))
 *crtend.o(.dtors)
                0x010041a0                . = ALIGN (0x4)
                0x010041a0                _efixed = .
                [!provide]                PROVIDE (__exidx_start = .)

.ARM.exidx      0x010041a0        0x8
 *(.ARM.exidx* .gnu.linkonce.armexidx.*)
 .ARM.exidx     0x010041a0        0x8 c:/program files/microchip/xc32/v4.10/bin/bin/../../lib/gcc/pic32c/8.3.1/thumb/v7e-m+fp/hard\libgcc.a(_udivmoddi4.o)
                [!provide]                PROVIDE (__exidx_end = .)
                0x010041a8                . = ALIGN (0x4)
                0x010041a8                _etext = .

.bss            0x20000000     0x50e4
                0x20000000                . = ALIGN (0x4)
                0x20000000                __bss_start__ = .
                0x20000000                _sbss = .
                0x20000000                _szero = .
 *(COMMON)
 COMMON         0x20000000      0x208 build/default/production/_ext/628245630/app_uart.o
                0x20000000                appUart
 COMMON         0x20000208       0x20 build/default/production/_ext/420101457/consoleCmds.o
                0x20000208                localVar
                0x20000210                appSetTargetType
                0x20000218                AppbdbCommissioningreq
 COMMON         0x20000228       0x28 build/default/production/_ext/1667573777/m2m_hif.o
                0x20000228                gstrHifCxt
 COMMON         0x20000250       0xc1 build/default/production/_ext/2094051164/socket.o
                0x20000250                gpfAppResolveCb
                0x20000254                gu16BufferSize
                0x20000258                gpfAppSocketCb
                0x2000025c                gsockerrno
                0x20000260                gastrSockets
                0x20000310                gu8OpCode
 *fill*         0x20000311        0x3 
 COMMON         0x20000314        0x4 build/default/production/_ext/1954180691/wdrv_winc.o
                0x20000314                pfWINCDebugPrintCb
 COMMON         0x20000318     0x2b90 build/default/production/_ext/1992166216/csMem.o
                0x20000318                csNIB
                0x20000370                csSIB
                0x200003e0                csZIB
                0x200003f8                csAIB
                0x20000428                stackBuffers
                0x20002e50                csBIB
                0x20002e60                csPIB
 COMMON         0x20002ea8       0x10 build/default/production/_ext/2026454998/halAes.o
                0x20002ea8                req
 COMMON         0x20002eb8       0x1c build/default/production/_ext/2026454998/halSleep.o
                0x20002eb8                trx_sleep_enabled
                0x20002ebc                g_refoReg
 *fill*         0x20002ed4        0x4 
 COMMON         0x20002ed8       0x60 build/default/production/_ext/16121766/wlPdsTypesConverter.o
                0x20002ed8                extGenMem
 COMMON         0x20002f38        0xa build/default/production/_ext/2010351915/sysAssert.o
                0x20002f38                gAssertParam
                0x20002f3c                s_pAssertSubscriber
                0x20002f40                gAssertDbgCode
 *fill*         0x20002f42        0x6 
 COMMON         0x20002f48      0x1a0 build/default/production/_ext/410253077/haClusters.o
                0x20002f48                descModeMem
                0x200030c8                reqNwk
 COMMON         0x200030e8        0x4 build/default/production/_ext/677812807/z3DevicePic32cx.o
                0x200030e8                deviceBindReqs
 COMMON         0x200030ec        0xc build/default/production/_ext/677812807/zgb_task.o
                0x200030ec                zos
                0x200030f0                semStackInternalHandler
                0x200030f4                apiRequestQueueHandle
 *fill*         0x200030f8      0x108 
 COMMON         0x20003200      0x444 build/default/production/_ext/677812807/zigbee_init.o
                0x20003200                fnAppGenericCB
                0x20003204                zigbeeRequestQueueHandle
                0x20003400                sram_vector_table
                0x20003600                osalAPIList
 COMMON         0x20003644       0x10 build/default/production/_ext/888883922/CS_API.o
                0x20003644                csReadParameter
                0x2000364c                csWriteParameter
 COMMON         0x20003654        0xc build/default/production/_ext/767432612/ZDO_Unpack.o
                0x20003654                cbParams
 COMMON         0x20003660       0x23 build/default/production/_ext/188496205/thAlarmsCluster.o
                0x20003660                thAlarmTable
 *fill*         0x20003683        0x1 
 COMMON         0x20003684       0xe0 build/default/production/_ext/188496205/thScenesCluster.o
                0x20003684                thermostatSceneTable
 COMMON         0x20003764       0x10 build/default/production/_ext/1171490990/initialization.o
                0x20003764                sysObj
 COMMON         0x20003774        0x8 build/default/production/_ext/1171490990/tasks.o
                0x20003774                zigbeeTaskHandle
                0x20003778                xAPP_Tasks
 COMMON         0x2000377c        0x8 build/default/production/_ext/1360937237/app.o
                0x2000377c                appData
 COMMON         0x20003784      0x720 build/default/production/_ext/1049535263/app_mqtt.o
                0x20003784                g_sSysMqttHandle
                0x20003e94                g_sMqttMsg
 COMMON         0x20003ea4       0x68 build/default/production/_ext/1049535263/app_winc.o
                0x20003ea4                winc_state
                0x20003ea8                mqttPubBuffer
 COMMON         0x20003f0c      0x200 build/default/production/_ext/603994634/MCHP_winc.o
                0x20003f0c                gcMQTTRxFIFO
 COMMON         0x2000410c       0x14 ..\src\config\default\driver\device_support\pic32cx_bz2_device_support.a(rf_system.o)
                0x2000410c                g_validFactoryCalTemp
                0x20004110                g_lastCalTime
                0x20004114                g_needCal
                0x20004116                g_lastTemperatureDegreeC
                0x20004118                g_vrefComp
                0x2000411c                g_currentTime
 COMMON         0x20004120       0x28 ..\src\config\default\zigbee\lib\zigbee_alldevice_lib.a(N_ConnectionEnddevice.o)
                0x20004120                joinNetworkParams
 COMMON         0x20004148      0x1a8 ..\src\config\default\zigbee\lib\zigbee_alldevice_lib.a(aps.o)
                0x20004148                apsMem
 COMMON         0x200042f0      0x218 ..\src\config\default\zigbee\lib\zigbee_alldevice_lib.a(bdb.o)
                0x200042f0                bdbMem
 COMMON         0x20004508        0x4 ..\src\config\default\zigbee\lib\zigbee_alldevice_lib.a(bdbCommissioning.o)
                0x20004508                bdbCommissionCallback
 *fill*         0x2000450c        0x4 
 COMMON         0x20004510       0x30 ..\src\config\default\zigbee\lib\zigbee_alldevice_lib.a(bdbIB.o)
                0x20004510                bdbIB
 COMMON         0x20004540        0x3 ..\src\config\default\zigbee\lib\zigbee_alldevice_lib.a(machwdTxFrameHandler.o)
                0x20004540                machwdTxFrameHandlerRandomSeed
                0x20004542                machwdTxFrameHandlerRetryCounter
 *fill*         0x20004543        0x5 
 COMMON         0x20004548      0x4e4 ..\src\config\default\zigbee\lib\zigbee_alldevice_lib.a(nwk.o)
                0x20004548                nwkMem
                0x20004998                edKeepAliveTimer
                0x200049ac                endDevHashEntry
 COMMON         0x20004a2c       0x23 ..\src\config\default\zigbee\lib\zigbee_alldevice_lib.a(phyDeepSleep.o)
                0x20004a2c                transceiverMemory
 COMMON         0x20004a4f        0x1 ..\src\config\default\zigbee\lib\zigbee_alldevice_lib.a(phyInit.o)
                0x20004a4f                radioArbiterMode
 COMMON         0x20004a50       0xe0 ..\src\config\default\zigbee\lib\zigbee_alldevice_lib.a(sspMem.o)
                0x20004a50                sspMem
 COMMON         0x20004b30      0x178 ..\src\config\default\zigbee\lib\zigbee_alldevice_lib.a(tcMem.o)
                0x20004b30                tcMem
 COMMON         0x20004ca8        0x8 ..\src\config\default\zigbee\lib\zigbee_alldevice_lib.a(zcl.o)
                0x20004ca8                zclMem
 COMMON         0x20004cb0      0x2d8 ..\src\config\default\zigbee\lib\zigbee_alldevice_lib.a(zdo.o)
                0x20004cb0                zdoParentAnnceTimer
                0x20004cc8                zdoMem
 COMMON         0x20004f88      0x118 ..\src\config\default\zigbee\lib\zigbee_alldevice_lib.a(macMem.o)
                0x20004f88                macMem
 COMMON         0x200050a0        0x1 ..\src\config\default\zigbee\lib\zigbee_alldevice_lib.a(machwdEdHandler.o)
                0x200050a0                __energyLevel
 COMMON         0x200050a1       0x21 ..\src\config\default\zigbee\lib\zigbee_alldevice_lib.a(machwdFrameRoutine.o)
                0x200050a1                txBuffer
 COMMON         0x200050c2       0x20 ..\src\config\default\zigbee\lib\zigbee_alldevice_lib.a(machwiTransactionHash.o)
                0x200050c2                pendingTransactionsHash
                0x200050e4                . = ALIGN (0x4)
 *fill*         0x200050e2        0x2 
                0x200050e4                __bss_end__ = .
                0x200050e4                _ebss = .
                0x200050e4                _ezero = .
                0x200050e4                . = ALIGN (0x4)
                0x200050e4                _end = .
                0x2001ffff                _ram_end_ = ((ORIGIN (ram) + LENGTH (ram)) - 0x1)
                0x00001000                _min_heap_size = 0x1000
                0x00000400                _min_stack_size = 0x400
START GROUP
LOAD c:/program files/microchip/xc32/v4.10/bin/bin/../../lib/gcc/pic32c/8.3.1/../../../../pic32c/lib/thumb/v7e-m+fp/hard\libpic32c.a
LOAD c:/program files/microchip/xc32/v4.10/bin/bin/../../lib/gcc/pic32c/8.3.1/../../../../pic32c/lib/thumb/v7e-m+fp/hard\libm-emfloat.a
LOAD c:/program files/microchip/xc32/v4.10/bin/bin/../../lib/gcc/pic32c/8.3.1/../../../../pic32c/lib/thumb/v7e-m+fp/hard\libc-musl.a
LOAD c:/program files/microchip/xc32/v4.10/bin/bin/../../lib/gcc/pic32c/8.3.1/../../../../pic32c/lib/thumb/v7e-m+fp/hard\libm-emfloat.a
LOAD c:/program files/microchip/xc32/v4.10/bin/bin/../../lib/gcc/pic32c/8.3.1/thumb/v7e-m+fp/hard\libgcc.a
END GROUP
LOAD c:/program files/microchip/xc32/v4.10/bin/bin/../../lib/gcc/pic32c/8.3.1/thumb/v7e-m+fp/hard/crtend.o
LOAD c:/program files/microchip/xc32/v4.10/bin/bin/../../lib/gcc/pic32c/8.3.1/thumb/v7e-m+fp/hard/crtn.o
OUTPUT(dist/default/production/WINC1500_TEST.X.production.elf elf32-littlearm)
LOAD stack
LOAD data_init

.ARM.attributes
                0x00000000       0x32
 .ARM.attributes
                0x00000000       0x1e c:/program files/microchip/xc32/v4.10/bin/bin/../../lib/gcc/pic32c/8.3.1/thumb/v7e-m+fp/hard/crti.o
 .ARM.attributes
                0x0000001e       0x34 c:/program files/microchip/xc32/v4.10/bin/bin/../../lib/gcc/pic32c/8.3.1/thumb/v7e-m+fp/hard/crtbegin.o
 .ARM.attributes
                0x00000052       0x34 build/default/production/_ext/628245630/app_uart.o
 .ARM.attributes
                0x00000086       0x34 build/default/production/_ext/420101457/console.o
 .ARM.attributes
                0x000000ba       0x34 build/default/production/_ext/420101457/consoleCmds.o
 .ARM.attributes
                0x000000ee       0x34 build/default/production/_ext/420101457/thConsole.o
 .ARM.attributes
                0x00000122       0x34 build/default/production/_ext/628245630/app_zigbee_handler.o
 .ARM.attributes
                0x00000156       0x34 build/default/production/_ext/628245630/app_zigbee.o
 .ARM.attributes
                0x0000018a       0x34 build/default/production/_ext/1645245335/crypto.o
 .ARM.attributes
                0x000001be       0x34 build/default/production/_ext/2070931557/drv_spi.o
 .ARM.attributes
                0x000001f2       0x34 build/default/production/_ext/869808652/drv_usart.o
 .ARM.attributes
                0x00000226       0x34 build/default/production/_ext/1068697685/wdrv_winc_gpio.o
 .ARM.attributes
                0x0000025a       0x34 build/default/production/_ext/1068697685/wdrv_winc_eint.o
 .ARM.attributes
                0x0000028e       0x34 build/default/production/_ext/1697030576/wdrv_winc_spi.o
 .ARM.attributes
                0x000002c2       0x34 build/default/production/_ext/1636284884/nm_common.o
 .ARM.attributes
                0x000002f6       0x34 build/default/production/_ext/1667573777/nmspi.o
 .ARM.attributes
                0x0000032a       0x34 build/default/production/_ext/1667573777/m2m_ota.o
 .ARM.attributes
                0x0000035e       0x34 build/default/production/_ext/1667573777/nmasic.o
 .ARM.attributes
                0x00000392       0x34 build/default/production/_ext/1667573777/nmbus.o
 .ARM.attributes
                0x000003c6       0x34 build/default/production/_ext/1667573777/m2m_hif.o
 .ARM.attributes
                0x000003fa       0x34 build/default/production/_ext/1667573777/m2m_wifi.o
 .ARM.attributes
                0x0000042e       0x34 build/default/production/_ext/1667573777/m2m_ssl.o
 .ARM.attributes
                0x00000462       0x34 build/default/production/_ext/1667573777/nmdrv.o
 .ARM.attributes
                0x00000496       0x34 build/default/production/_ext/2094051164/inet_ntop.o
 .ARM.attributes
                0x000004ca       0x34 build/default/production/_ext/2094051164/socket.o
 .ARM.attributes
                0x000004fe       0x34 build/default/production/_ext/1908349716/spi_flash.o
 .ARM.attributes
                0x00000532       0x34 build/default/production/_ext/1908349716/flexible_flash.o
 .ARM.attributes
                0x00000566       0x34 build/default/production/_ext/2018374705/wdrv_winc_osal.o
 .ARM.attributes
                0x0000059a       0x34 build/default/production/_ext/1954180691/wdrv_winc_systime.o
 .ARM.attributes
                0x000005ce       0x34 build/default/production/_ext/1954180691/wdrv_winc_bssctx.o
 .ARM.attributes
                0x00000602       0x34 build/default/production/_ext/1954180691/wdrv_winc_host_file.o
 .ARM.attributes
                0x00000636       0x34 build/default/production/_ext/1954180691/wdrv_winc.o
 .ARM.attributes
                0x0000066a       0x34 build/default/production/_ext/1954180691/wdrv_winc_sta.o
 .ARM.attributes
                0x0000069e       0x34 build/default/production/_ext/1954180691/wdrv_winc_authctx.o
 .ARM.attributes
                0x000006d2       0x34 build/default/production/_ext/1954180691/wdrv_winc_socket.o
 .ARM.attributes
                0x00000706       0x34 build/default/production/_ext/1529399856/osal_freertos.o
 .ARM.attributes
                0x0000073a       0x34 build/default/production/_ext/1529399856/osal_freertos_extend.o
 .ARM.attributes
                0x0000076e       0x34 build/default/production/_ext/60165520/plib_clk.o
 .ARM.attributes
                0x000007a2       0x34 build/default/production/_ext/60167341/plib_eic.o
 .ARM.attributes
                0x000007d6       0x34 build/default/production/_ext/1986646378/plib_evsys.o
 .ARM.attributes
                0x0000080a       0x34 build/default/production/_ext/1865254177/plib_gpio.o
 .ARM.attributes
                0x0000083e       0x34 build/default/production/_ext/1865468468/plib_nvic.o
 .ARM.attributes
                0x00000872       0x34 build/default/production/_ext/60176403/plib_nvm.o
 .ARM.attributes
                0x000008a6       0x34 build/default/production/_ext/17022449/plib_sercom1_spi_master.o
 .ARM.attributes
                0x000008da       0x34 build/default/production/_ext/504274921/plib_sercom0_usart.o
 .ARM.attributes
                0x0000090e       0x34 build/default/production/_ext/829342655/plib_tc3.o
 .ARM.attributes
                0x00000942       0x34 build/default/production/_ext/60181570/plib_tcc2.o
 .ARM.attributes
                0x00000976       0x34 build/default/production/_ext/1865643529/plib_trng.o
 .ARM.attributes
                0x000009aa       0x34 build/default/production/_ext/163028504/xc32_monitor.o
 .ARM.attributes
                0x000009de       0x34 build/default/production/_ext/1881668453/sys_int.o
 .ARM.attributes
                0x00000a12       0x34 build/default/production/_ext/101884895/sys_time.o
 .ARM.attributes
                0x00000a46       0x34 build/default/production/_ext/1992166216/configserver.o
 .ARM.attributes
                0x00000a7a       0x39 build/default/production/_ext/1992166216/csPersistentMem.o
 .ARM.attributes
                0x00000ab3       0x34 build/default/production/_ext/1992166216/csMem.o
 .ARM.attributes
                0x00000ae7       0x34 build/default/production/_ext/1852899459/halTaskManager.o
 .ARM.attributes
                0x00000b1b       0x34 build/default/production/_ext/1852899459/timer.o
 .ARM.attributes
                0x00000b4f       0x34 build/default/production/_ext/1852899459/appTimer.o
 .ARM.attributes
                0x00000b83       0x34 build/default/production/_ext/2026454998/halRfCtrl.o
 .ARM.attributes
                0x00000bb7       0x34 build/default/production/_ext/2026454998/halAes.o
 .ARM.attributes
                0x00000beb       0x34 build/default/production/_ext/2026454998/halSleep.o
 .ARM.attributes
                0x00000c1f       0x34 build/default/production/_ext/2026454998/halMacIsr.o
 .ARM.attributes
                0x00000c53       0x34 build/default/production/_ext/2026454998/halAppClock.o
 .ARM.attributes
                0x00000c87       0x34 build/default/production/_ext/16121766/wlPdsTypesConverter.o
 .ARM.attributes
                0x00000cbb       0x34 build/default/production/_ext/16121766/bcPDS.o
 .ARM.attributes
                0x00000cef       0x34 build/default/production/_ext/2010351915/sysSleep.o
 .ARM.attributes
                0x00000d23       0x34 build/default/production/_ext/2010351915/sysEventsHandler.o
 .ARM.attributes
                0x00000d57       0x34 build/default/production/_ext/2010351915/sysMutex.o
 .ARM.attributes
                0x00000d8b       0x34 build/default/production/_ext/2010351915/sysTimer.o
 .ARM.attributes
                0x00000dbf       0x34 build/default/production/_ext/2010351915/sysIdleHandler.o
 .ARM.attributes
                0x00000df3       0x34 build/default/production/_ext/2010351915/sysUtils.o
 .ARM.attributes
                0x00000e27       0x34 build/default/production/_ext/2010351915/sysTaskManager.o
 .ARM.attributes
                0x00000e5b       0x34 build/default/production/_ext/2010351915/sysInit.o
 .ARM.attributes
                0x00000e8f       0x34 build/default/production/_ext/2010351915/sysAssert.o
 .ARM.attributes
                0x00000ec3       0x34 build/default/production/_ext/2010351915/sysDuplicateTable.o
 .ARM.attributes
                0x00000ef7       0x34 build/default/production/_ext/2010351915/sysQueue.o
 .ARM.attributes
                0x00000f2b       0x34 build/default/production/_ext/1543366104/scenes.o
 .ARM.attributes
                0x00000f5f       0x34 build/default/production/_ext/266130186/zclCommandManager.o
 .ARM.attributes
                0x00000f93       0x34 build/default/production/_ext/176650468/N_Util.o
 .ARM.attributes
                0x00000fc7       0x34 build/default/production/_ext/410253077/groupsCluster.o
 .ARM.attributes
                0x00000ffb       0x34 build/default/production/_ext/410253077/scenesCluster.o
 .ARM.attributes
                0x0000102f       0x34 build/default/production/_ext/410253077/identifyCluster.o
 .ARM.attributes
                0x00001063       0x34 build/default/production/_ext/410253077/alarmCluster.o
 .ARM.attributes
                0x00001097       0x34 build/default/production/_ext/410253077/haClusters.o
 .ARM.attributes
                0x000010cb       0x34 build/default/production/_ext/677812807/pic32cxBSP.o
 .ARM.attributes
                0x000010ff       0x34 build/default/production/_ext/677812807/z3DevicePic32cx.o
 .ARM.attributes
                0x00001133       0x34 build/default/production/_ext/677812807/zgb_task.o
 .ARM.attributes
                0x00001167       0x34 build/default/production/_ext/677812807/errH.o
 .ARM.attributes
                0x0000119b       0x34 build/default/production/_ext/677812807/zigbee_init.o
 .ARM.attributes
                0x000011cf       0x34 build/default/production/_ext/767455689/BDB_Unpack.o
 .ARM.attributes
                0x00001203       0x34 build/default/production/_ext/767455689/BDB_API.o
 .ARM.attributes
                0x00001237       0x34 build/default/production/_ext/888883922/CS_Unpack.o
 .ARM.attributes
                0x0000126b       0x34 build/default/production/_ext/888883922/CS_API.o
 .ARM.attributes
                0x0000129f       0x34 build/default/production/_ext/767443559/NWK_API.o
 .ARM.attributes
                0x000012d3       0x34 build/default/production/_ext/767443559/NWK_Unpack.o
 .ARM.attributes
                0x00001307       0x34 build/default/production/_ext/767432646/ZCL_API.o
 .ARM.attributes
                0x0000133b       0x34 build/default/production/_ext/767432646/ZCL_Unpack.o
 .ARM.attributes
                0x0000136f       0x34 build/default/production/_ext/767432612/ZDO_Unpack.o
 .ARM.attributes
                0x000013a3       0x34 build/default/production/_ext/188496205/thAlarmsCluster.o
 .ARM.attributes
                0x000013d7       0x39 build/default/production/_ext/188496205/thPdt.o
 .ARM.attributes
                0x00001410       0x34 build/default/production/_ext/188496205/thBasicCluster.o
 .ARM.attributes
                0x00001444       0x34 build/default/production/_ext/188496205/thTemperatureMeasurementCluster.o
 .ARM.attributes
                0x00001478       0x34 build/default/production/_ext/188496205/thTimeCluster.o
 .ARM.attributes
                0x000014ac       0x39 build/default/production/_ext/188496205/thClusters.o
 .ARM.attributes
                0x000014e5       0x34 build/default/production/_ext/188496205/thScenesCluster.o
 .ARM.attributes
                0x00001519       0x34 build/default/production/_ext/188496205/thGroupsCluster.o
 .ARM.attributes
                0x0000154d       0x34 build/default/production/_ext/188496205/thIdentifyCluster.o
 .ARM.attributes
                0x00001581       0x34 build/default/production/_ext/188496205/thThermostatCluster.o
 .ARM.attributes
                0x000015b5       0x34 build/default/production/_ext/188496205/thHumidityMeasurementCluster.o
 .ARM.attributes
                0x000015e9       0x34 build/default/production/_ext/188496205/thThermostatUiConfCluster.o
 .ARM.attributes
                0x0000161d       0x34 build/default/production/_ext/188496205/thermostat.o
 .ARM.attributes
                0x00001651       0x34 build/default/production/_ext/188496205/thOccupancySensingCluster.o
 .ARM.attributes
                0x00001685       0x34 build/default/production/_ext/188496205/thFanControlCluster.o
 .ARM.attributes
                0x000016b9       0x34 build/default/production/_ext/1171490990/exceptions.o
 .ARM.attributes
                0x000016ed       0x34 build/default/production/_ext/1171490990/initialization.o
 .ARM.attributes
                0x00001721       0x34 build/default/production/_ext/1171490990/tasks.o
 .ARM.attributes
                0x00001755       0x34 build/default/production/_ext/1171490990/freertos_hooks.o
 .ARM.attributes
                0x00001789       0x34 build/default/production/_ext/1171490990/interrupts.o
 .ARM.attributes
                0x000017bd       0x34 build/default/production/_ext/1171490990/startup_xc32.o
 .ARM.attributes
                0x000017f1       0x34 build/default/production/_ext/246609638/port.o
 .ARM.attributes
                0x00001825       0x34 build/default/production/_ext/1665200909/heap_4.o
 .ARM.attributes
                0x00001859       0x34 build/default/production/_ext/404212886/queue.o
 .ARM.attributes
                0x0000188d       0x34 build/default/production/_ext/404212886/list.o
 .ARM.attributes
                0x000018c1       0x34 build/default/production/_ext/404212886/FreeRTOS_tasks.o
 .ARM.attributes
                0x000018f5       0x34 build/default/production/_ext/404212886/timers.o
 .ARM.attributes
                0x00001929       0x34 build/default/production/_ext/172253694/crypt_wolfcryptcb.o
 .ARM.attributes
                0x0000195d       0x34 build/default/production/_ext/172253694/crypt_aes_u2238.o
 .ARM.attributes
                0x00001991       0x34 build/default/production/_ext/1664057780/aes.o
 .ARM.attributes
                0x000019c5       0x34 build/default/production/_ext/1664057780/cryptocb.o
 .ARM.attributes
                0x000019f9       0x34 build/default/production/_ext/1360937237/app_idle_task.o
 .ARM.attributes
                0x00001a2d       0x34 build/default/production/_ext/1360937237/main.o
 .ARM.attributes
                0x00001a61       0x34 build/default/production/_ext/1360937237/app.o
 .ARM.attributes
                0x00001a95       0x34 build/default/production/_ext/1049535263/app_mqtt.o
 .ARM.attributes
                0x00001ac9       0x34 build/default/production/_ext/1049535263/app_socket.o
 .ARM.attributes
                0x00001afd       0x34 build/default/production/_ext/1049535263/app_winc.o
 .ARM.attributes
                0x00001b31       0x34 build/default/production/_ext/1826916563/app_timer.o
 .ARM.attributes
                0x00001b65       0x34 build/default/production/_ext/603994634/MCHP_winc.o
 .ARM.attributes
                0x00001b99       0x34 build/default/production/_ext/741293594/MQTTClient.o
 .ARM.attributes
                0x00001bcd       0x34 build/default/production/_ext/980053345/MQTTConnectClient.o
 .ARM.attributes
                0x00001c01       0x34 build/default/production/_ext/980053345/MQTTDeserializePublish.o
 .ARM.attributes
                0x00001c35       0x34 build/default/production/_ext/980053345/MQTTPacket.o
 .ARM.attributes
                0x00001c69       0x34 build/default/production/_ext/980053345/MQTTSerializePublish.o
 .ARM.attributes
                0x00001c9d       0x34 build/default/production/_ext/980053345/MQTTSubscribeClient.o
 .ARM.attributes
                0x00001cd1       0x34 build/default/production/_ext/980053345/MQTTUnsubscribeClient.o
 .ARM.attributes
                0x00001d05       0x34 ..\src\config\default\driver\device_support\pic32cx_bz2_device_support.a(info_block.o)
 .ARM.attributes
                0x00001d39       0x34 ..\src\config\default\driver\device_support\pic32cx_bz2_device_support.a(rf.o)
 .ARM.attributes
                0x00001d6d       0x34 ..\src\config\default\driver\device_support\pic32cx_bz2_device_support.a(rf_system.o)
 .ARM.attributes
                0x00001da1       0x34 ..\src\config\default\driver\device_support\pic32cx_bz2_device_support.a(info_block_plat.o)
 .ARM.attributes
                0x00001dd5       0x34 ..\src\config\default\driver\device_support\pic32cx_bz2_device_support.a(pmu_dvr.o)
 .ARM.attributes
                0x00001e09       0x34 ..\src\config\default\driver\pds\pds.a(wlPdsDataServer.o)
 .ARM.attributes
                0x00001e3d       0x34 ..\src\config\default\driver\pds\pds.a(wlPdsInit.o)
 .ARM.attributes
                0x00001e71       0x34 ..\src\config\default\driver\pds\pds.a(D_Nv.o)
 .ARM.attributes
                0x00001ea5       0x34 ..\src\config\default\driver\pds\pds.a(S_Nv-Chimera.o)
 .ARM.attributes
                0x00001ed9       0x34 ..\src\config\default\zigbee\lib\zigbee_alldevice_lib.a(N_AddressManager.o)
 .ARM.attributes
                0x00001f0d       0x34 ..\src\config\default\zigbee\lib\zigbee_alldevice_lib.a(N_ConnectionAssociation.o)
 .ARM.attributes
                0x00001f41       0x34 ..\src\config\default\zigbee\lib\zigbee_alldevice_lib.a(N_ConnectionCommon.o)
 .ARM.attributes
                0x00001f75       0x34 ..\src\config\default\zigbee\lib\zigbee_alldevice_lib.a(N_ConnectionEnddevice.o)
 .ARM.attributes
                0x00001fa9       0x34 ..\src\config\default\zigbee\lib\zigbee_alldevice_lib.a(N_ConnectionRouter.o)
 .ARM.attributes
                0x00001fdd       0x34 ..\src\config\default\zigbee\lib\zigbee_alldevice_lib.a(N_Connection_ReconnectHandler.o)
 .ARM.attributes
                0x00002011       0x34 ..\src\config\default\zigbee\lib\zigbee_alldevice_lib.a(N_DeviceInfo.o)
 .ARM.attributes
                0x00002045       0x34 ..\src\config\default\zigbee\lib\zigbee_alldevice_lib.a(N_ErrH.o)
 .ARM.attributes
                0x00002079       0x34 ..\src\config\default\zigbee\lib\zigbee_alldevice_lib.a(N_LinkTarget.o)
 .ARM.attributes
                0x000020ad       0x34 ..\src\config\default\zigbee\lib\zigbee_alldevice_lib.a(N_Log.o)
 .ARM.attributes
                0x000020e1       0x34 ..\src\config\default\zigbee\lib\zigbee_alldevice_lib.a(N_PacketDistributor.o)
 .ARM.attributes
                0x00002115       0x34 ..\src\config\default\zigbee\lib\zigbee_alldevice_lib.a(N_Radio.o)
 .ARM.attributes
                0x00002149       0x34 ..\src\config\default\zigbee\lib\zigbee_alldevice_lib.a(N_Security.o)
 .ARM.attributes
                0x0000217d       0x34 ..\src\config\default\zigbee\lib\zigbee_alldevice_lib.a(N_Security_Calc.o)
 .ARM.attributes
                0x000021b1       0x34 ..\src\config\default\zigbee\lib\zigbee_alldevice_lib.a(N_Task-Internal-Microchip.o)
 .ARM.attributes
                0x000021e5       0x34 ..\src\config\default\zigbee\lib\zigbee_alldevice_lib.a(N_Task.o)
 .ARM.attributes
                0x00002219       0x34 ..\src\config\default\zigbee\lib\zigbee_alldevice_lib.a(N_Timer.o)
 .ARM.attributes
                0x0000224d       0x34 ..\src\config\default\zigbee\lib\zigbee_alldevice_lib.a(N_Zdp.o)
 .ARM.attributes
                0x00002281       0x34 ..\src\config\default\zigbee\lib\zigbee_alldevice_lib.a(aps.o)
 .ARM.attributes
                0x000022b5       0x34 ..\src\config\default\zigbee\lib\zigbee_alldevice_lib.a(bdb.o)
 .ARM.attributes
                0x000022e9       0x34 ..\src\config\default\zigbee\lib\zigbee_alldevice_lib.a(bdbBcEventsHandler.o)
 .ARM.attributes
                0x0000231d       0x34 ..\src\config\default\zigbee\lib\zigbee_alldevice_lib.a(bdbCommissioning.o)
 .ARM.attributes
                0x00002351       0x34 ..\src\config\default\zigbee\lib\zigbee_alldevice_lib.a(bdbFindingAndBinding.o)
 .ARM.attributes
                0x00002385       0x34 ..\src\config\default\zigbee\lib\zigbee_alldevice_lib.a(bdbIB.o)
 .ARM.attributes
                0x000023b9       0x34 ..\src\config\default\zigbee\lib\zigbee_alldevice_lib.a(bdbInstallCode.o)
 .ARM.attributes
                0x000023ed       0x34 ..\src\config\default\zigbee\lib\zigbee_alldevice_lib.a(bdbNwkFormation.o)
 .ARM.attributes
                0x00002421       0x34 ..\src\config\default\zigbee\lib\zigbee_alldevice_lib.a(bdbNwkSteering.o)
 .ARM.attributes
                0x00002455       0x34 ..\src\config\default\zigbee\lib\zigbee_alldevice_lib.a(bdbReset.o)
 .ARM.attributes
                0x00002489       0x34 ..\src\config\default\zigbee\lib\zigbee_alldevice_lib.a(bdbSecurity.o)
 .ARM.attributes
                0x000024bd       0x34 ..\src\config\default\zigbee\lib\zigbee_alldevice_lib.a(bdbTouchlink.o)
 .ARM.attributes
                0x000024f1       0x34 ..\src\config\default\zigbee\lib\zigbee_alldevice_lib.a(macenvPib.o)
 .ARM.attributes
                0x00002525       0x34 ..\src\config\default\zigbee\lib\zigbee_alldevice_lib.a(machwdManager.o)
 .ARM.attributes
                0x00002559       0x34 ..\src\config\default\zigbee\lib\zigbee_alldevice_lib.a(machwdRegAccessHandler.o)
 .ARM.attributes
                0x0000258d       0x34 ..\src\config\default\zigbee\lib\zigbee_alldevice_lib.a(machwdResetHandler.o)
 .ARM.attributes
                0x000025c1       0x34 ..\src\config\default\zigbee\lib\zigbee_alldevice_lib.a(machwdRndHandler.o)
 .ARM.attributes
                0x000025f5       0x34 ..\src\config\default\zigbee\lib\zigbee_alldevice_lib.a(machwdRxBuffer.o)
 .ARM.attributes
                0x00002629       0x34 ..\src\config\default\zigbee\lib\zigbee_alldevice_lib.a(machwdRxFrameHandler.o)
 .ARM.attributes
                0x0000265d       0x34 ..\src\config\default\zigbee\lib\zigbee_alldevice_lib.a(machwdSetHandler.o)
 .ARM.attributes
                0x00002691       0x34 ..\src\config\default\zigbee\lib\zigbee_alldevice_lib.a(machwdTrxCtrl.o)
 .ARM.attributes
                0x000026c5       0x34 ..\src\config\default\zigbee\lib\zigbee_alldevice_lib.a(machwdTrxHandler.o)
 .ARM.attributes
                0x000026f9       0x34 ..\src\config\default\zigbee\lib\zigbee_alldevice_lib.a(machwdTxFrameHandler.o)
 .ARM.attributes
                0x0000272d       0x34 ..\src\config\default\zigbee\lib\zigbee_alldevice_lib.a(machwiBanNode.o)
 .ARM.attributes
                0x00002761       0x34 ..\src\config\default\zigbee\lib\zigbee_alldevice_lib.a(machwiManager.o)
 .ARM.attributes
                0x00002795       0x34 ..\src\config\default\zigbee\lib\zigbee_alldevice_lib.a(machwiOrphanHandler.o)
 .ARM.attributes
                0x000027c9       0x34 ..\src\config\default\zigbee\lib\zigbee_alldevice_lib.a(machwiPanServer.o)
 .ARM.attributes
                0x000027fd       0x34 ..\src\config\default\zigbee\lib\zigbee_alldevice_lib.a(machwiPollHandler.o)
 .ARM.attributes
                0x00002831       0x34 ..\src\config\default\zigbee\lib\zigbee_alldevice_lib.a(machwiPurgeHandler.o)
 .ARM.attributes
                0x00002865       0x34 ..\src\config\default\zigbee\lib\zigbee_alldevice_lib.a(machwiResetHandler.o)
 .ARM.attributes
                0x00002899       0x34 ..\src\config\default\zigbee\lib\zigbee_alldevice_lib.a(machwiRxEnableHandler.o)
 .ARM.attributes
                0x000028cd       0x34 ..\src\config\default\zigbee\lib\zigbee_alldevice_lib.a(machwiScanHandler.o)
 .ARM.attributes
                0x00002901       0x34 ..\src\config\default\zigbee\lib\zigbee_alldevice_lib.a(machwiSetGetHandler.o)
 .ARM.attributes
                0x00002935       0x34 ..\src\config\default\zigbee\lib\zigbee_alldevice_lib.a(machwiStartHandler.o)
 .ARM.attributes
                0x00002969       0x34 ..\src\config\default\zigbee\lib\zigbee_alldevice_lib.a(machwiSwitchRxCtrl.o)
 .ARM.attributes
                0x0000299d       0x34 ..\src\config\default\zigbee\lib\zigbee_alldevice_lib.a(machwiTransactionHandler.o)
 .ARM.attributes
                0x000029d1       0x34 ..\src\config\default\zigbee\lib\zigbee_alldevice_lib.a(machwiTransactionQueue.o)
 .ARM.attributes
                0x00002a05       0x34 ..\src\config\default\zigbee\lib\zigbee_alldevice_lib.a(nwk.o)
 .ARM.attributes
                0x00002a39       0x34 ..\src\config\default\zigbee\lib\zigbee_alldevice_lib.a(phyAntDiversity.o)
 .ARM.attributes
                0x00002a6d       0x34 ..\src\config\default\zigbee\lib\zigbee_alldevice_lib.a(phyDeepSleep.o)
 .ARM.attributes
                0x00002aa1       0x34 ..\src\config\default\zigbee\lib\zigbee_alldevice_lib.a(phyInit.o)
 .ARM.attributes
                0x00002ad5       0x34 ..\src\config\default\zigbee\lib\zigbee_alldevice_lib.a(phyRegAccess.o)
 .ARM.attributes
                0x00002b09       0x34 ..\src\config\default\zigbee\lib\zigbee_alldevice_lib.a(phyReset.o)
 .ARM.attributes
                0x00002b3d       0x34 ..\src\config\default\zigbee\lib\zigbee_alldevice_lib.a(phyRfIrqDispatcher.o)
 .ARM.attributes
                0x00002b71       0x34 ..\src\config\default\zigbee\lib\zigbee_alldevice_lib.a(phyRnd.o)
 .ARM.attributes
                0x00002ba5       0x34 ..\src\config\default\zigbee\lib\zigbee_alldevice_lib.a(phyRtimerIrqDispatcher.o)
 .ARM.attributes
                0x00002bd9       0x34 ..\src\config\default\zigbee\lib\zigbee_alldevice_lib.a(phyRxFrame.o)
 .ARM.attributes
                0x00002c0d       0x34 ..\src\config\default\zigbee\lib\zigbee_alldevice_lib.a(phySet.o)
 .ARM.attributes
                0x00002c41       0x34 ..\src\config\default\zigbee\lib\zigbee_alldevice_lib.a(phySetTrxState.o)
 .ARM.attributes
                0x00002c75       0x34 ..\src\config\default\zigbee\lib\zigbee_alldevice_lib.a(phyStateMachine.o)
 .ARM.attributes
                0x00002ca9       0x34 ..\src\config\default\zigbee\lib\zigbee_alldevice_lib.a(phyTxFrame.o)
 .ARM.attributes
                0x00002cdd       0x34 ..\src\config\default\zigbee\lib\zigbee_alldevice_lib.a(phyTxPowerConverter.o)
 .ARM.attributes
                0x00002d11       0x34 ..\src\config\default\zigbee\lib\zigbee_alldevice_lib.a(sspHashHandler.o)
 .ARM.attributes
                0x00002d45       0x34 ..\src\config\default\zigbee\lib\zigbee_alldevice_lib.a(sspManager.o)
 .ARM.attributes
                0x00002d79       0x39 ..\src\config\default\zigbee\lib\zigbee_alldevice_lib.a(sspMem.o)
 .ARM.attributes
                0x00002db2       0x34 ..\src\config\default\zigbee\lib\zigbee_alldevice_lib.a(sspSfpHandler.o)
 .ARM.attributes
                0x00002de6       0x34 ..\src\config\default\zigbee\lib\zigbee_alldevice_lib.a(tcIndInput.o)
 .ARM.attributes
                0x00002e1a       0x34 ..\src\config\default\zigbee\lib\zigbee_alldevice_lib.a(tcKeyEstablishHandler.o)
 .ARM.attributes
                0x00002e4e       0x39 ..\src\config\default\zigbee\lib\zigbee_alldevice_lib.a(tcMem.o)
 .ARM.attributes
                0x00002e87       0x34 ..\src\config\default\zigbee\lib\zigbee_alldevice_lib.a(tcPermissions.o)
 .ARM.attributes
                0x00002ebb       0x34 ..\src\config\default\zigbee\lib\zigbee_alldevice_lib.a(tcRemoveHandler.o)
 .ARM.attributes
                0x00002eef       0x34 ..\src\config\default\zigbee\lib\zigbee_alldevice_lib.a(tcResetHandler.o)
 .ARM.attributes
                0x00002f23       0x34 ..\src\config\default\zigbee\lib\zigbee_alldevice_lib.a(tcTaskManager.o)
 .ARM.attributes
                0x00002f57       0x34 ..\src\config\default\zigbee\lib\zigbee_alldevice_lib.a(zcl.o)
 .ARM.attributes
                0x00002f8b       0x34 ..\src\config\default\zigbee\lib\zigbee_alldevice_lib.a(zclApsInterface.o)
 .ARM.attributes
                0x00002fbf       0x34 ..\src\config\default\zigbee\lib\zigbee_alldevice_lib.a(zclAttributes.o)
 .ARM.attributes
                0x00002ff3       0x34 ..\src\config\default\zigbee\lib\zigbee_alldevice_lib.a(zclCommandAnalyzer.o)
 .ARM.attributes
                0x00003027       0x34 ..\src\config\default\zigbee\lib\zigbee_alldevice_lib.a(zclMemoryManager.o)
 .ARM.attributes
                0x0000305b       0x34 ..\src\config\default\zigbee\lib\zigbee_alldevice_lib.a(zclParser.o)
 .ARM.attributes
                0x0000308f       0x34 ..\src\config\default\zigbee\lib\zigbee_alldevice_lib.a(zclSecurityManager.o)
 .ARM.attributes
                0x000030c3       0x34 ..\src\config\default\zigbee\lib\zigbee_alldevice_lib.a(zclTaskManager.o)
 .ARM.attributes
                0x000030f7       0x34 ..\src\config\default\zigbee\lib\zigbee_alldevice_lib.a(zdo.o)
 .ARM.attributes
                0x0000312b       0x39 ..\src\config\default\zigbee\lib\zigbee_alldevice_lib.a(N_Address.o)
 .ARM.attributes
                0x00003164       0x34 ..\src\config\default\zigbee\lib\zigbee_alldevice_lib.a(N_Binding.o)
 .ARM.attributes
                0x00003198       0x34 ..\src\config\default\zigbee\lib\zigbee_alldevice_lib.a(N_Cmi.o)
 .ARM.attributes
                0x000031cc       0x34 ..\src\config\default\zigbee\lib\zigbee_alldevice_lib.a(N_EndDeviceRobustness.o)
 .ARM.attributes
                0x00003200       0x34 ..\src\config\default\zigbee\lib\zigbee_alldevice_lib.a(N_Fsm.o)
 .ARM.attributes
                0x00003234       0x34 ..\src\config\default\zigbee\lib\zigbee_alldevice_lib.a(N_InterPan.o)
 .ARM.attributes
                0x00003268       0x34 ..\src\config\default\zigbee\lib\zigbee_alldevice_lib.a(N_InterPanBuffers.o)
 .ARM.attributes
                0x0000329c       0x34 ..\src\config\default\zigbee\lib\zigbee_alldevice_lib.a(N_LinkInitiator.o)
 .ARM.attributes
                0x000032d0       0x34 ..\src\config\default\zigbee\lib\zigbee_alldevice_lib.a(N_Memory-Microchip.o)
 .ARM.attributes
                0x00003304       0x34 ..\src\config\default\zigbee\lib\zigbee_alldevice_lib.a(N_ReconnectHandler.o)
 .ARM.attributes
                0x00003338       0x34 ..\src\config\default\zigbee\lib\zigbee_alldevice_lib.a(N_Timer-Internal-Microchip.o)
 .ARM.attributes
                0x0000336c       0x39 ..\src\config\default\zigbee\lib\zigbee_alldevice_lib.a(macMem.o)
 .ARM.attributes
                0x000033a5       0x34 ..\src\config\default\zigbee\lib\zigbee_alldevice_lib.a(machwdCalibHandler.o)
 .ARM.attributes
                0x000033d9       0x34 ..\src\config\default\zigbee\lib\zigbee_alldevice_lib.a(machwdEdHandler.o)
 .ARM.attributes
                0x0000340d       0x34 ..\src\config\default\zigbee\lib\zigbee_alldevice_lib.a(machwdFrameRoutine.o)
 .ARM.attributes
                0x00003441       0x34 ..\src\config\default\zigbee\lib\zigbee_alldevice_lib.a(machwdHandlerCtrl.o)
 .ARM.attributes
                0x00003475       0x34 ..\src\config\default\zigbee\lib\zigbee_alldevice_lib.a(machwiAssociateHandler.o)
 .ARM.attributes
                0x000034a9       0x34 ..\src\config\default\zigbee\lib\zigbee_alldevice_lib.a(machwiBeaconHandler.o)
 .ARM.attributes
                0x000034dd       0x34 ..\src\config\default\zigbee\lib\zigbee_alldevice_lib.a(machwiDataHandler.o)
 .ARM.attributes
                0x00003511       0x34 ..\src\config\default\zigbee\lib\zigbee_alldevice_lib.a(machwiTransactionHash.o)
 .ARM.attributes
                0x00003545       0x34 ..\src\config\default\zigbee\lib\zigbee_alldevice_lib.a(phyCalib.o)
 .ARM.attributes
                0x00003579       0x34 ..\src\config\default\zigbee\lib\zigbee_alldevice_lib.a(phyEd.o)
 .ARM.attributes
                0x000035ad       0x34 ..\src\config\default\zigbee\lib\zigbee_alldevice_lib.a(sspAesHandler.o)
 .ARM.attributes
                0x000035e1       0x34 ..\src\config\default\zigbee\lib\zigbee_alldevice_lib.a(sspCcmHandler.o)
 .ARM.attributes
                0x00003615       0x34 ..\src\config\default\zigbee\lib\zigbee_alldevice_lib.a(sspHash.o)
 .ARM.attributes
                0x00003649       0x34 ..\src\config\default\zigbee\lib\zigbee_alldevice_lib.a(sspReset.o)
 .ARM.attributes
                0x0000367d       0x34 ..\src\config\default\zigbee\lib\zigbee_alldevice_lib.a(tcAuthenticHandler.o)
 .ARM.attributes
                0x000036b1       0x34 ..\src\config\default\zigbee\lib\zigbee_alldevice_lib.a(tcDeviceTableCtrlHandler.o)
 .ARM.attributes
                0x000036e5       0x34 ..\src\config\default\zigbee\lib\zigbee_alldevice_lib.a(tcKeyUpdateHandler.o)
 .ARM.attributes
                0x00003719       0x34 c:/program files/microchip/xc32/v4.10/bin/bin/../../lib/gcc/pic32c/8.3.1/../../../../pic32c/lib/thumb/v7e-m+fp/hard\libpic32c.a(data_init.o)
 .ARM.attributes
                0x0000374d       0x34 c:/program files/microchip/xc32/v4.10/bin/bin/../../lib/gcc/pic32c/8.3.1/../../../../pic32c/lib/thumb/v7e-m+fp/hard\libm-emfloat.a(lib_a-_POW.o)
 .ARM.attributes
                0x00003781       0x34 c:/program files/microchip/xc32/v4.10/bin/bin/../../lib/gcc/pic32c/8.3.1/../../../../pic32c/lib/thumb/v7e-m+fp/hard\libm-emfloat.a(lib_a-_ROUND.o)
 .ARM.attributes
                0x000037b5       0x20 c:/program files/microchip/xc32/v4.10/bin/bin/../../lib/gcc/pic32c/8.3.1/../../../../pic32c/lib/thumb/v7e-m+fp/hard\libm-emfloat.a(floatasmops_arm.o)
 .ARM.attributes
                0x000037d5       0x34 c:/program files/microchip/xc32/v4.10/bin/bin/../../lib/gcc/pic32c/8.3.1/../../../../pic32c/lib/thumb/v7e-m+fp/hard\libm-emfloat.a(lib_a-_EXP.o)
 .ARM.attributes
                0x00003809       0x34 c:/program files/microchip/xc32/v4.10/bin/bin/../../lib/gcc/pic32c/8.3.1/../../../../pic32c/lib/thumb/v7e-m+fp/hard\libm-emfloat.a(lib_a-_LOG.o)
 .ARM.attributes
                0x0000383d       0x34 c:/program files/microchip/xc32/v4.10/bin/bin/../../lib/gcc/pic32c/8.3.1/../../../../pic32c/lib/thumb/v7e-m+fp/hard\libm-emfloat.a(lib_a-_LDEXP.o)
 .ARM.attributes
                0x00003871       0x34 c:/program files/microchip/xc32/v4.10/bin/bin/../../lib/gcc/pic32c/8.3.1/../../../../pic32c/lib/thumb/v7e-m+fp/hard\libm-emfloat.a(lib_a-_FREXP.o)
 .ARM.attributes
                0x000038a5       0x36 c:/program files/microchip/xc32/v4.10/bin/bin/../../lib/gcc/pic32c/8.3.1/../../../../pic32c/lib/thumb/v7e-m+fp/hard\libc-musl.a(__libc_start_main.o)
 .ARM.attributes
                0x000038db       0x34 c:/program files/microchip/xc32/v4.10/bin/bin/../../lib/gcc/pic32c/8.3.1/../../../../pic32c/lib/thumb/v7e-m+fp/hard\libc-musl.a(__errno_location.o)
 .ARM.attributes
                0x0000390f       0x34 c:/program files/microchip/xc32/v4.10/bin/bin/../../lib/gcc/pic32c/8.3.1/../../../../pic32c/lib/thumb/v7e-m+fp/hard\libc-musl.a(libc.o)
 .ARM.attributes
                0x00003943       0x36 c:/program files/microchip/xc32/v4.10/bin/bin/../../lib/gcc/pic32c/8.3.1/../../../../pic32c/lib/thumb/v7e-m+fp/hard\libc-musl.a(rand.o)
 .ARM.attributes
                0x00003979       0x36 c:/program files/microchip/xc32/v4.10/bin/bin/../../lib/gcc/pic32c/8.3.1/../../../../pic32c/lib/thumb/v7e-m+fp/hard\libc-musl.a(puts.o)
 .ARM.attributes
                0x000039af       0x36 c:/program files/microchip/xc32/v4.10/bin/bin/../../lib/gcc/pic32c/8.3.1/../../../../pic32c/lib/thumb/v7e-m+fp/hard\libc-musl.a(sprintf.o)
 .ARM.attributes
                0x000039e5       0x36 c:/program files/microchip/xc32/v4.10/bin/bin/../../lib/gcc/pic32c/8.3.1/../../../../pic32c/lib/thumb/v7e-m+fp/hard\libc-musl.a(vsprintf.o)
 .ARM.attributes
                0x00003a1b       0x36 c:/program files/microchip/xc32/v4.10/bin/bin/../../lib/gcc/pic32c/8.3.1/../../../../pic32c/lib/thumb/v7e-m+fp/hard\libc-musl.a(memcmp.o)
 .ARM.attributes
                0x00003a51       0x36 c:/program files/microchip/xc32/v4.10/bin/bin/../../lib/gcc/pic32c/8.3.1/../../../../pic32c/lib/thumb/v7e-m+fp/hard\libc-musl.a(memcpy.o)
 .ARM.attributes
                0x00003a87       0x36 c:/program files/microchip/xc32/v4.10/bin/bin/../../lib/gcc/pic32c/8.3.1/../../../../pic32c/lib/thumb/v7e-m+fp/hard\libc-musl.a(memmove.o)
 .ARM.attributes
                0x00003abd       0x36 c:/program files/microchip/xc32/v4.10/bin/bin/../../lib/gcc/pic32c/8.3.1/../../../../pic32c/lib/thumb/v7e-m+fp/hard\libc-musl.a(memset.o)
 .ARM.attributes
                0x00003af3       0x36 c:/program files/microchip/xc32/v4.10/bin/bin/../../lib/gcc/pic32c/8.3.1/../../../../pic32c/lib/thumb/v7e-m+fp/hard\libc-musl.a(strlen.o)
 .ARM.attributes
                0x00003b29       0x36 c:/program files/microchip/xc32/v4.10/bin/bin/../../lib/gcc/pic32c/8.3.1/../../../../pic32c/lib/thumb/v7e-m+fp/hard\libc-musl.a(strchr.o)
 .ARM.attributes
                0x00003b5f       0x36 c:/program files/microchip/xc32/v4.10/bin/bin/../../lib/gcc/pic32c/8.3.1/../../../../pic32c/lib/thumb/v7e-m+fp/hard\libc-musl.a(strchrnul.o)
 .ARM.attributes
                0x00003b95       0x36 c:/program files/microchip/xc32/v4.10/bin/bin/../../lib/gcc/pic32c/8.3.1/../../../../pic32c/lib/thumb/v7e-m+fp/hard\libc-musl.a(strcmp.o)
 .ARM.attributes
                0x00003bcb       0x36 c:/program files/microchip/xc32/v4.10/bin/bin/../../lib/gcc/pic32c/8.3.1/../../../../pic32c/lib/thumb/v7e-m+fp/hard\libc-musl.a(strncmp.o)
 .ARM.attributes
                0x00003c01       0x36 c:/program files/microchip/xc32/v4.10/bin/bin/../../lib/gcc/pic32c/8.3.1/../../../../pic32c/lib/thumb/v7e-m+fp/hard\libc-musl.a(strncpy.o)
 .ARM.attributes
                0x00003c37       0x36 c:/program files/microchip/xc32/v4.10/bin/bin/../../lib/gcc/pic32c/8.3.1/../../../../pic32c/lib/thumb/v7e-m+fp/hard\libc-musl.a(gmtime.o)
 .ARM.attributes
                0x00003c6d       0x36 c:/program files/microchip/xc32/v4.10/bin/bin/../../lib/gcc/pic32c/8.3.1/../../../../pic32c/lib/thumb/v7e-m+fp/hard\libc-musl.a(gmtime_r.o)
 .ARM.attributes
                0x00003ca3       0x36 c:/program files/microchip/xc32/v4.10/bin/bin/../../lib/gcc/pic32c/8.3.1/../../../../pic32c/lib/thumb/v7e-m+fp/hard\libc-musl.a(mktime.o)
 .ARM.attributes
                0x00003cd9       0x34 c:/program files/microchip/xc32/v4.10/bin/bin/../../lib/gcc/pic32c/8.3.1/../../../../pic32c/lib/thumb/v7e-m+fp/hard\libc-musl.a(__environ.o)
 .ARM.attributes
                0x00003d0d       0x36 c:/program files/microchip/xc32/v4.10/bin/bin/../../lib/gcc/pic32c/8.3.1/../../../../pic32c/lib/thumb/v7e-m+fp/hard\libc-musl.a(fputs.o)
 .ARM.attributes
                0x00003d43       0x36 c:/program files/microchip/xc32/v4.10/bin/bin/../../lib/gcc/pic32c/8.3.1/../../../../pic32c/lib/thumb/v7e-m+fp/hard\libc-musl.a(putc.o)
 .ARM.attributes
                0x00003d79       0x36 c:/program files/microchip/xc32/v4.10/bin/bin/../../lib/gcc/pic32c/8.3.1/../../../../pic32c/lib/thumb/v7e-m+fp/hard\libc-musl.a(stdout.o)
 .ARM.attributes
                0x00003daf       0x36 c:/program files/microchip/xc32/v4.10/bin/bin/../../lib/gcc/pic32c/8.3.1/../../../../pic32c/lib/thumb/v7e-m+fp/hard\libc-musl.a(vsnprintf.o)
 .ARM.attributes
                0x00003de5       0x36 c:/program files/microchip/xc32/v4.10/bin/bin/../../lib/gcc/pic32c/8.3.1/../../../../pic32c/lib/thumb/v7e-m+fp/hard\libc-musl.a(stpncpy.o)
 .ARM.attributes
                0x00003e1b       0x36 c:/program files/microchip/xc32/v4.10/bin/bin/../../lib/gcc/pic32c/8.3.1/../../../../pic32c/lib/thumb/v7e-m+fp/hard\libc-musl.a(__tm_to_secs.o)
 .ARM.attributes
                0x00003e51       0x36 c:/program files/microchip/xc32/v4.10/bin/bin/../../lib/gcc/pic32c/8.3.1/../../../../pic32c/lib/thumb/v7e-m+fp/hard\libc-musl.a(__year_to_secs.o)
 .ARM.attributes
                0x00003e87       0x36 c:/program files/microchip/xc32/v4.10/bin/bin/../../lib/gcc/pic32c/8.3.1/../../../../pic32c/lib/thumb/v7e-m+fp/hard\libc-musl.a(__secs_to_tm.o)
 .ARM.attributes
                0x00003ebd       0x36 c:/program files/microchip/xc32/v4.10/bin/bin/../../lib/gcc/pic32c/8.3.1/../../../../pic32c/lib/thumb/v7e-m+fp/hard\libc-musl.a(__fwrite.o)
 .ARM.attributes
                0x00003ef3       0x36 c:/program files/microchip/xc32/v4.10/bin/bin/../../lib/gcc/pic32c/8.3.1/../../../../pic32c/lib/thumb/v7e-m+fp/hard\libc-musl.a(__out.o)
 .ARM.attributes
                0x00003f29       0x36 c:/program files/microchip/xc32/v4.10/bin/bin/../../lib/gcc/pic32c/8.3.1/../../../../pic32c/lib/thumb/v7e-m+fp/hard\libc-musl.a(__stderr.o)
 .ARM.attributes
                0x00003f5f       0x36 c:/program files/microchip/xc32/v4.10/bin/bin/../../lib/gcc/pic32c/8.3.1/../../../../pic32c/lib/thumb/v7e-m+fp/hard\libc-musl.a(__stdio_close.o)
 .ARM.attributes
                0x00003f95       0x36 c:/program files/microchip/xc32/v4.10/bin/bin/../../lib/gcc/pic32c/8.3.1/../../../../pic32c/lib/thumb/v7e-m+fp/hard\libc-musl.a(__stdout.o)
 .ARM.attributes
                0x00003fcb       0x36 c:/program files/microchip/xc32/v4.10/bin/bin/../../lib/gcc/pic32c/8.3.1/../../../../pic32c/lib/thumb/v7e-m+fp/hard\libc-musl.a(vfprintf.o)
 .ARM.attributes
                0x00004001       0x36 c:/program files/microchip/xc32/v4.10/bin/bin/../../lib/gcc/pic32c/8.3.1/../../../../pic32c/lib/thumb/v7e-m+fp/hard\libc-musl.a(__month_to_secs.o)
 .ARM.attributes
                0x00004037       0x36 c:/program files/microchip/xc32/v4.10/bin/bin/../../lib/gcc/pic32c/8.3.1/../../../../pic32c/lib/thumb/v7e-m+fp/hard\libc-musl.a(__init_stdio.o)
 .ARM.attributes
                0x0000406d       0x36 c:/program files/microchip/xc32/v4.10/bin/bin/../../lib/gcc/pic32c/8.3.1/../../../../pic32c/lib/thumb/v7e-m+fp/hard\libc-musl.a(__printf_core.o)
 .ARM.attributes
                0x000040a3       0x36 c:/program files/microchip/xc32/v4.10/bin/bin/../../lib/gcc/pic32c/8.3.1/../../../../pic32c/lib/thumb/v7e-m+fp/hard\libc-musl.a(atoi.o)
 .ARM.attributes
                0x000040d9       0x36 c:/program files/microchip/xc32/v4.10/bin/bin/../../lib/gcc/pic32c/8.3.1/../../../../pic32c/lib/thumb/v7e-m+fp/hard\libc-musl.a(tolower.o)
 .ARM.attributes
                0x0000410f       0x36 c:/program files/microchip/xc32/v4.10/bin/bin/../../lib/gcc/pic32c/8.3.1/../../../../pic32c/lib/thumb/v7e-m+fp/hard\libc-musl.a(__fmt_a.o)
 .ARM.attributes
                0x00004145       0x36 c:/program files/microchip/xc32/v4.10/bin/bin/../../lib/gcc/pic32c/8.3.1/../../../../pic32c/lib/thumb/v7e-m+fp/hard\libc-musl.a(__fmt_d.o)
 .ARM.attributes
                0x0000417b       0x36 c:/program files/microchip/xc32/v4.10/bin/bin/../../lib/gcc/pic32c/8.3.1/../../../../pic32c/lib/thumb/v7e-m+fp/hard\libc-musl.a(__fmt_fp.o)
 .ARM.attributes
                0x000041b1       0x36 c:/program files/microchip/xc32/v4.10/bin/bin/../../lib/gcc/pic32c/8.3.1/../../../../pic32c/lib/thumb/v7e-m+fp/hard\libc-musl.a(__fmt_o.o)
 .ARM.attributes
                0x000041e7       0x36 c:/program files/microchip/xc32/v4.10/bin/bin/../../lib/gcc/pic32c/8.3.1/../../../../pic32c/lib/thumb/v7e-m+fp/hard\libc-musl.a(__fmt_s.o)
 .ARM.attributes
                0x0000421d       0x36 c:/program files/microchip/xc32/v4.10/bin/bin/../../lib/gcc/pic32c/8.3.1/../../../../pic32c/lib/thumb/v7e-m+fp/hard\libc-musl.a(__fmt_u.o)
 .ARM.attributes
                0x00004253       0x36 c:/program files/microchip/xc32/v4.10/bin/bin/../../lib/gcc/pic32c/8.3.1/../../../../pic32c/lib/thumb/v7e-m+fp/hard\libc-musl.a(__fmt_x.o)
 .ARM.attributes
                0x00004289       0x36 c:/program files/microchip/xc32/v4.10/bin/bin/../../lib/gcc/pic32c/8.3.1/../../../../pic32c/lib/thumb/v7e-m+fp/hard\libc-musl.a(__pop_float.o)
 .ARM.attributes
                0x000042bf       0x36 c:/program files/microchip/xc32/v4.10/bin/bin/../../lib/gcc/pic32c/8.3.1/../../../../pic32c/lib/thumb/v7e-m+fp/hard\libc-musl.a(__pop_int.o)
 .ARM.attributes
                0x000042f5       0x36 c:/program files/microchip/xc32/v4.10/bin/bin/../../lib/gcc/pic32c/8.3.1/../../../../pic32c/lib/thumb/v7e-m+fp/hard\libc-musl.a(__pop_ptr.o)
 .ARM.attributes
                0x0000432b       0x36 c:/program files/microchip/xc32/v4.10/bin/bin/../../lib/gcc/pic32c/8.3.1/../../../../pic32c/lib/thumb/v7e-m+fp/hard\libc-musl.a(strcpy.o)
 .ARM.attributes
                0x00004361       0x36 c:/program files/microchip/xc32/v4.10/bin/bin/../../lib/gcc/pic32c/8.3.1/../../../../pic32c/lib/thumb/v7e-m+fp/hard\libc-musl.a(toupper.o)
 .ARM.attributes
                0x00004397       0x36 c:/program files/microchip/xc32/v4.10/bin/bin/../../lib/gcc/pic32c/8.3.1/../../../../pic32c/lib/thumb/v7e-m+fp/hard\libc-musl.a(stpcpy.o)
 .ARM.attributes
                0x000043cd       0x34 c:/program files/microchip/xc32/v4.10/bin/bin/../../lib/gcc/pic32c/8.3.1/../../../../pic32c/lib/thumb/v7e-m+fp/hard\libm-emfloat.a(lib_a-_FLOOR.o)
 .ARM.attributes
                0x00004401       0x34 c:/program files/microchip/xc32/v4.10/bin/bin/../../lib/gcc/pic32c/8.3.1/../../../../pic32c/lib/thumb/v7e-m+fp/hard\libm-emfloat.a(lib_a-_FMA.o)
 .ARM.attributes
                0x00004435       0x1e c:/program files/microchip/xc32/v4.10/bin/bin/../../lib/gcc/pic32c/8.3.1/thumb/v7e-m+fp/hard\libgcc.a(_aeabi_ldivmod.o)
 .ARM.attributes
                0x00004453       0x1e c:/program files/microchip/xc32/v4.10/bin/bin/../../lib/gcc/pic32c/8.3.1/thumb/v7e-m+fp/hard\libgcc.a(_aeabi_uldivmod.o)
 .ARM.attributes
                0x00004471       0x34 c:/program files/microchip/xc32/v4.10/bin/bin/../../lib/gcc/pic32c/8.3.1/thumb/v7e-m+fp/hard\libgcc.a(_udivmoddi4.o)
 .ARM.attributes
                0x000044a5       0x1e c:/program files/microchip/xc32/v4.10/bin/bin/../../lib/gcc/pic32c/8.3.1/thumb/v7e-m+fp/hard\libgcc.a(_dvmd_tls.o)
 .ARM.attributes
                0x000044c3       0x34 c:/program files/microchip/xc32/v4.10/bin/bin/../../lib/gcc/pic32c/8.3.1/../../../../pic32c/lib/thumb/v7e-m+fp/hard\libpic32c.a(close.o)
 .ARM.attributes
                0x000044f7       0x34 c:/program files/microchip/xc32/v4.10/bin/bin/../../lib/gcc/pic32c/8.3.1/../../../../pic32c/lib/thumb/v7e-m+fp/hard\libpic32c.a(lseek.o)
 .ARM.attributes
                0x0000452b       0x1e c:/program files/microchip/xc32/v4.10/bin/bin/../../lib/gcc/pic32c/8.3.1/thumb/v7e-m+fp/hard/crtn.o

.comment        0x00000000       0xd1
 .comment       0x00000000       0x2b c:/program files/microchip/xc32/v4.10/bin/bin/../../lib/gcc/pic32c/8.3.1/thumb/v7e-m+fp/hard/crtbegin.o
                                 0x2c (size before relaxing)
 .comment       0x0000002b       0x2c build/default/production/_ext/628245630/app_uart.o
 .comment       0x0000002b       0x2c build/default/production/_ext/420101457/console.o
 .comment       0x0000002b       0x2c build/default/production/_ext/420101457/consoleCmds.o
 .comment       0x0000002b       0x2c build/default/production/_ext/420101457/thConsole.o
 .comment       0x0000002b       0x2c build/default/production/_ext/628245630/app_zigbee_handler.o
 .comment       0x0000002b       0x2c build/default/production/_ext/628245630/app_zigbee.o
 .comment       0x0000002b       0x2c build/default/production/_ext/1645245335/crypto.o
 .comment       0x0000002b       0x2c build/default/production/_ext/2070931557/drv_spi.o
 .comment       0x0000002b       0x2c build/default/production/_ext/869808652/drv_usart.o
 .comment       0x0000002b       0x2c build/default/production/_ext/1068697685/wdrv_winc_gpio.o
 .comment       0x0000002b       0x2c build/default/production/_ext/1068697685/wdrv_winc_eint.o
 .comment       0x0000002b       0x2c build/default/production/_ext/1697030576/wdrv_winc_spi.o
 .comment       0x0000002b       0x2c build/default/production/_ext/1636284884/nm_common.o
 .comment       0x0000002b       0x2c build/default/production/_ext/1667573777/nmspi.o
 .comment       0x0000002b       0x2c build/default/production/_ext/1667573777/m2m_ota.o
 .comment       0x0000002b       0x2c build/default/production/_ext/1667573777/nmasic.o
 .comment       0x0000002b       0x2c build/default/production/_ext/1667573777/nmbus.o
 .comment       0x0000002b       0x2c build/default/production/_ext/1667573777/m2m_hif.o
 .comment       0x0000002b       0x2c build/default/production/_ext/1667573777/m2m_wifi.o
 .comment       0x0000002b       0x2c build/default/production/_ext/1667573777/m2m_ssl.o
 .comment       0x0000002b       0x2c build/default/production/_ext/1667573777/nmdrv.o
 .comment       0x0000002b       0x2c build/default/production/_ext/2094051164/inet_ntop.o
 .comment       0x0000002b       0x2c build/default/production/_ext/2094051164/socket.o
 .comment       0x0000002b       0x2c build/default/production/_ext/1908349716/spi_flash.o
 .comment       0x0000002b       0x2c build/default/production/_ext/1908349716/flexible_flash.o
 .comment       0x0000002b       0x2c build/default/production/_ext/2018374705/wdrv_winc_osal.o
 .comment       0x0000002b       0x2c build/default/production/_ext/1954180691/wdrv_winc_systime.o
 .comment       0x0000002b       0x2c build/default/production/_ext/1954180691/wdrv_winc_bssctx.o
 .comment       0x0000002b       0x2c build/default/production/_ext/1954180691/wdrv_winc_host_file.o
 .comment       0x0000002b       0x2c build/default/production/_ext/1954180691/wdrv_winc.o
 .comment       0x0000002b       0x2c build/default/production/_ext/1954180691/wdrv_winc_sta.o
 .comment       0x0000002b       0x2c build/default/production/_ext/1954180691/wdrv_winc_authctx.o
 .comment       0x0000002b       0x2c build/default/production/_ext/1954180691/wdrv_winc_socket.o
 .comment       0x0000002b       0x2c build/default/production/_ext/1529399856/osal_freertos.o
 .comment       0x0000002b       0x2c build/default/production/_ext/1529399856/osal_freertos_extend.o
 .comment       0x0000002b       0x2c build/default/production/_ext/60165520/plib_clk.o
 .comment       0x0000002b       0x2c build/default/production/_ext/60167341/plib_eic.o
 .comment       0x0000002b       0x2c build/default/production/_ext/1986646378/plib_evsys.o
 .comment       0x0000002b       0x2c build/default/production/_ext/1865254177/plib_gpio.o
 .comment       0x0000002b       0x2c build/default/production/_ext/1865468468/plib_nvic.o
 .comment       0x0000002b       0x2c build/default/production/_ext/60176403/plib_nvm.o
 .comment       0x0000002b       0x2c build/default/production/_ext/17022449/plib_sercom1_spi_master.o
 .comment       0x0000002b       0x2c build/default/production/_ext/504274921/plib_sercom0_usart.o
 .comment       0x0000002b       0x2c build/default/production/_ext/829342655/plib_tc3.o
 .comment       0x0000002b       0x2c build/default/production/_ext/60181570/plib_tcc2.o
 .comment       0x0000002b       0x2c build/default/production/_ext/1865643529/plib_trng.o
 .comment       0x0000002b       0x2c build/default/production/_ext/163028504/xc32_monitor.o
 .comment       0x0000002b       0x2c build/default/production/_ext/1881668453/sys_int.o
 .comment       0x0000002b       0x2c build/default/production/_ext/101884895/sys_time.o
 .comment       0x0000002b       0x2c build/default/production/_ext/1992166216/configserver.o
 .comment       0x0000002b       0x2c build/default/production/_ext/1992166216/csPersistentMem.o
 .comment       0x0000002b       0x2c build/default/production/_ext/1992166216/csMem.o
 .comment       0x0000002b       0x2c build/default/production/_ext/1852899459/halTaskManager.o
 .comment       0x0000002b       0x2c build/default/production/_ext/1852899459/timer.o
 .comment       0x0000002b       0x2c build/default/production/_ext/1852899459/appTimer.o
 .comment       0x0000002b       0x2c build/default/production/_ext/2026454998/halRfCtrl.o
 .comment       0x0000002b       0x2c build/default/production/_ext/2026454998/halAes.o
 .comment       0x0000002b       0x2c build/default/production/_ext/2026454998/halSleep.o
 .comment       0x0000002b       0x2c build/default/production/_ext/2026454998/halMacIsr.o
 .comment       0x0000002b       0x2c build/default/production/_ext/2026454998/halAppClock.o
 .comment       0x0000002b       0x2c build/default/production/_ext/16121766/wlPdsTypesConverter.o
 .comment       0x0000002b       0x2c build/default/production/_ext/16121766/bcPDS.o
 .comment       0x0000002b       0x2c build/default/production/_ext/2010351915/sysSleep.o
 .comment       0x0000002b       0x2c build/default/production/_ext/2010351915/sysEventsHandler.o
 .comment       0x0000002b       0x2c build/default/production/_ext/2010351915/sysMutex.o
 .comment       0x0000002b       0x2c build/default/production/_ext/2010351915/sysTimer.o
 .comment       0x0000002b       0x2c build/default/production/_ext/2010351915/sysIdleHandler.o
 .comment       0x0000002b       0x2c build/default/production/_ext/2010351915/sysUtils.o
 .comment       0x0000002b       0x2c build/default/production/_ext/2010351915/sysTaskManager.o
 .comment       0x0000002b       0x2c build/default/production/_ext/2010351915/sysInit.o
 .comment       0x0000002b       0x2c build/default/production/_ext/2010351915/sysAssert.o
 .comment       0x0000002b       0x2c build/default/production/_ext/2010351915/sysDuplicateTable.o
 .comment       0x0000002b       0x2c build/default/production/_ext/2010351915/sysQueue.o
 .comment       0x0000002b       0x2c build/default/production/_ext/1543366104/scenes.o
 .comment       0x0000002b       0x2c build/default/production/_ext/266130186/zclCommandManager.o
 .comment       0x0000002b       0x2c build/default/production/_ext/176650468/N_Util.o
 .comment       0x0000002b       0x2c build/default/production/_ext/410253077/groupsCluster.o
 .comment       0x0000002b       0x2c build/default/production/_ext/410253077/scenesCluster.o
 .comment       0x0000002b       0x2c build/default/production/_ext/410253077/identifyCluster.o
 .comment       0x0000002b       0x2c build/default/production/_ext/410253077/alarmCluster.o
 .comment       0x0000002b       0x2c build/default/production/_ext/410253077/haClusters.o
 .comment       0x0000002b       0x2c build/default/production/_ext/677812807/pic32cxBSP.o
 .comment       0x0000002b       0x2c build/default/production/_ext/677812807/z3DevicePic32cx.o
 .comment       0x0000002b       0x2c build/default/production/_ext/677812807/zgb_task.o
 .comment       0x0000002b       0x2c build/default/production/_ext/677812807/errH.o
 .comment       0x0000002b       0x2c build/default/production/_ext/677812807/zigbee_init.o
 .comment       0x0000002b       0x2c build/default/production/_ext/767455689/BDB_Unpack.o
 .comment       0x0000002b       0x2c build/default/production/_ext/767455689/BDB_API.o
 .comment       0x0000002b       0x2c build/default/production/_ext/888883922/CS_Unpack.o
 .comment       0x0000002b       0x2c build/default/production/_ext/888883922/CS_API.o
 .comment       0x0000002b       0x2c build/default/production/_ext/767443559/NWK_API.o
 .comment       0x0000002b       0x2c build/default/production/_ext/767443559/NWK_Unpack.o
 .comment       0x0000002b       0x2c build/default/production/_ext/767432646/ZCL_API.o
 .comment       0x0000002b       0x2c build/default/production/_ext/767432646/ZCL_Unpack.o
 .comment       0x0000002b       0x2c build/default/production/_ext/767432612/ZDO_Unpack.o
 .comment       0x0000002b       0x2c build/default/production/_ext/188496205/thAlarmsCluster.o
 .comment       0x0000002b       0x2c build/default/production/_ext/188496205/thPdt.o
 .comment       0x0000002b       0x2c build/default/production/_ext/188496205/thBasicCluster.o
 .comment       0x0000002b       0x2c build/default/production/_ext/188496205/thTemperatureMeasurementCluster.o
 .comment       0x0000002b       0x2c build/default/production/_ext/188496205/thTimeCluster.o
 .comment       0x0000002b       0x2c build/default/production/_ext/188496205/thClusters.o
 .comment       0x0000002b       0x2c build/default/production/_ext/188496205/thScenesCluster.o
 .comment       0x0000002b       0x2c build/default/production/_ext/188496205/thGroupsCluster.o
 .comment       0x0000002b       0x2c build/default/production/_ext/188496205/thIdentifyCluster.o
 .comment       0x0000002b       0x2c build/default/production/_ext/188496205/thThermostatCluster.o
 .comment       0x0000002b       0x2c build/default/production/_ext/188496205/thHumidityMeasurementCluster.o
 .comment       0x0000002b       0x2c build/default/production/_ext/188496205/thThermostatUiConfCluster.o
 .comment       0x0000002b       0x2c build/default/production/_ext/188496205/thermostat.o
 .comment       0x0000002b       0x2c build/default/production/_ext/188496205/thOccupancySensingCluster.o